Component: Arm Compiler for Embedded 6.19 Tool: armlink [5e73cb00]

==============================================================================

Section Cross References

    startup_stm32f103xe.o(STACK) refers (Special) to heapauxi.o(.text) for __use_two_region_memory
    startup_stm32f103xe.o(HEAP) refers (Special) to heapauxi.o(.text) for __use_two_region_memory
    startup_stm32f103xe.o(RESET) refers (Special) to heapauxi.o(.text) for __use_two_region_memory
    startup_stm32f103xe.o(RESET) refers to startup_stm32f103xe.o(STACK) for __initial_sp
    startup_stm32f103xe.o(RESET) refers to startup_stm32f103xe.o(.text) for Reset_Handler
    startup_stm32f103xe.o(RESET) refers to stm32f1xx_it.o(.text.NMI_Handler) for NMI_Handler
    startup_stm32f103xe.o(RESET) refers to stm32f1xx_it.o(.text.HardFault_Handler) for HardFault_Handler
    startup_stm32f103xe.o(RESET) refers to stm32f1xx_it.o(.text.MemManage_Handler) for MemManage_Handler
    startup_stm32f103xe.o(RESET) refers to stm32f1xx_it.o(.text.BusFault_Handler) for BusFault_Handler
    startup_stm32f103xe.o(RESET) refers to stm32f1xx_it.o(.text.UsageFault_Handler) for UsageFault_Handler
    startup_stm32f103xe.o(RESET) refers to stm32f1xx_it.o(.text.SVC_Handler) for SVC_Handler
    startup_stm32f103xe.o(RESET) refers to stm32f1xx_it.o(.text.DebugMon_Handler) for DebugMon_Handler
    startup_stm32f103xe.o(RESET) refers to stm32f1xx_it.o(.text.PendSV_Handler) for PendSV_Handler
    startup_stm32f103xe.o(RESET) refers to stm32f1xx_it.o(.text.SysTick_Handler) for SysTick_Handler
    startup_stm32f103xe.o(RESET) refers to stm32f1xx_it.o(.text.DMA1_Channel5_IRQHandler) for DMA1_Channel5_IRQHandler
    startup_stm32f103xe.o(RESET) refers to stm32f1xx_it.o(.text.ADC1_2_IRQHandler) for ADC1_2_IRQHandler
    startup_stm32f103xe.o(RESET) refers to stm32f1xx_it.o(.text.CAN1_RX1_IRQHandler) for CAN1_RX1_IRQHandler
    startup_stm32f103xe.o(RESET) refers to stm32f1xx_it.o(.text.USART2_IRQHandler) for USART2_IRQHandler
    startup_stm32f103xe.o(RESET) refers to stm32f1xx_it.o(.text.DMA2_Channel2_IRQHandler) for DMA2_Channel2_IRQHandler
    startup_stm32f103xe.o(.text) refers (Special) to heapauxi.o(.text) for __use_two_region_memory
    startup_stm32f103xe.o(.text) refers to system_stm32f1xx.o(.text.SystemInit) for SystemInit
    startup_stm32f103xe.o(.text) refers to __main.o(!!!main) for __main
    startup_stm32f103xe.o(.text) refers to startup_stm32f103xe.o(HEAP) for Heap_Mem
    startup_stm32f103xe.o(.text) refers to startup_stm32f103xe.o(STACK) for Stack_Mem
    myfile.o(.ARM.exidx.text.delay_us) refers to myfile.o(.text.delay_us) for [Anonymous Symbol]
    myfile.o(.text.Test_Gpio) refers to stm32f1xx_hal_gpio.o(.text.HAL_GPIO_TogglePin) for HAL_GPIO_TogglePin
    myfile.o(.text.Test_Gpio) refers to stm32f1xx_hal.o(.text.HAL_Delay) for HAL_Delay
    myfile.o(.ARM.exidx.text.Test_Gpio) refers to myfile.o(.text.Test_Gpio) for [Anonymous Symbol]
    myfile.o(.text.setLED) refers to myfile.o(.bss.LED_Data) for LED_Data
    myfile.o(.ARM.exidx.text.setLED) refers to myfile.o(.text.setLED) for [Anonymous Symbol]
    myfile.o(.ARM.exidx.text.ws2812_spi) refers to myfile.o(.text.ws2812_spi) for [Anonymous Symbol]
    myfile.o(.ARM.exidx.text.WS2812_Send) refers to myfile.o(.text.WS2812_Send) for [Anonymous Symbol]
    myfile.o(.text.Test_WS2812B) refers to myfile.o(.bss.LED_Data) for LED_Data
    myfile.o(.text.Test_WS2812B) refers to stm32f1xx_hal.o(.text.HAL_Delay) for HAL_Delay
    myfile.o(.ARM.exidx.text.Test_WS2812B) refers to myfile.o(.text.Test_WS2812B) for [Anonymous Symbol]
    switches.o(.text.initKeyStatus) refers to switches.o(.bss.keyStatus) for keyStatus
    switches.o(.text.initKeyStatus) refers to rt_memclr_w.o(.text) for __aeabi_memclr4
    switches.o(.text.initKeyStatus) refers to stm32f1xx_hal_gpio.o(.text.HAL_GPIO_ReadPin) for HAL_GPIO_ReadPin
    switches.o(.ARM.exidx.text.initKeyStatus) refers to switches.o(.text.initKeyStatus) for [Anonymous Symbol]
    switches.o(.text.keyCheck) refers to stm32f1xx_hal_gpio.o(.text.HAL_GPIO_ReadPin) for HAL_GPIO_ReadPin
    switches.o(.text.keyCheck) refers to switches.o(.bss.keyStatus) for keyStatus
    switches.o(.text.keyCheck) refers to system.o(.bss..L_MergedGlobals) for flgEvents
    switches.o(.text.keyCheck) refers to switches.o(.bss..L_MergedGlobals) for .L_MergedGlobals
    switches.o(.ARM.exidx.text.keyCheck) refers to switches.o(.text.keyCheck) for [Anonymous Symbol]
    uart.o(.text.UartInit) refers to uart.o(.bss..L_MergedGlobals) for .L_MergedGlobals
    uart.o(.text.UartInit) refers to uart.o(.bss.tx_buffer) for tx_buffer
    uart.o(.text.UartInit) refers to strlen.o(.text) for strlen
    uart.o(.text.UartInit) refers to main.o(.bss.huart2) for huart2
    uart.o(.text.UartInit) refers to stm32f1xx_hal_uart.o(.text.HAL_UART_Transmit) for HAL_UART_Transmit
    uart.o(.text.UartInit) refers to stm32f1xx_hal_uart.o(.text.HAL_UART_Receive_IT) for HAL_UART_Receive_IT
[...]
    stm32f1xx_hal_tim_ex.c                   0x00000000   Number         0  stm32f1xx_hal_tim_ex.o ABSOLUTE
    stm32f1xx_hal_uart.c                     0x00000000   Number         0  stm32f1xx_hal_uart.o ABSOLUTE
    stm32f1xx_it.c                           0x00000000   Number         0  stm32f1xx_it.o ABSOLUTE
    switches.c                               0x00000000   Number         0  switches.o ABSOLUTE
    system.c                                 0x00000000   Number         0  system.o ABSOLUTE
    system_stm32f1xx.c                       0x00000000   Number         0  system_stm32f1xx.o ABSOLUTE
    uart.c                                   0x00000000   Number         0  uart.o ABSOLUTE
    ws2812.c                                 0x00000000   Number         0  ws2812.o ABSOLUTE
    RESET                                    0x08004400   Section      304  startup_stm32f103xe.o(RESET)
    !!!main                                  0x08004530   Section        8  __main.o(!!!main)
    !!!scatter                               0x08004538   Section       52  __scatter.o(!!!scatter)
    !!handler_copy                           0x0800456c   Section       26  __scatter_copy.o(!!handler_copy)
    !!handler_zi                             0x08004588   Section       28  __scatter_zi.o(!!handler_zi)
    .ARM.Collect$$_printf_percent$$00000000  0x080045a4   Section        0  _printf_percent.o(.ARM.Collect$$_printf_percent$$00000000)
    .ARM.Collect$$_printf_percent$$00000009  0x080045a4   Section        6  _printf_d.o(.ARM.Collect$$_printf_percent$$00000009)
    .ARM.Collect$$_printf_percent$$00000017  0x080045aa   Section        4  _printf_percent_end.o(.ARM.Collect$$_printf_percent$$00000017)
    .ARM.Collect$$libinit$$00000000          0x080045ae   Section        2  libinit.o(.ARM.Collect$$libinit$$00000000)
    .ARM.Collect$$libinit$$00000002          0x080045b0   Section        0  libinit2.o(.ARM.Collect$$libinit$$00000002)
    .ARM.Collect$$libinit$$00000004          0x080045b0   Section        0  libinit2.o(.ARM.Collect$$libinit$$00000004)
    .ARM.Collect$$libinit$$00000006          0x080045b0   Section        0  libinit2.o(.ARM.Collect$$libinit$$00000006)
    .ARM.Collect$$libinit$$0000000C          0x080045b0   Section        0  libinit2.o(.ARM.Collect$$libinit$$0000000C)
    .ARM.Collect$$libinit$$0000000E          0x080045b0   Section        0  libinit2.o(.ARM.Collect$$libinit$$0000000E)
    .ARM.Collect$$libinit$$00000010          0x080045b0   Section        0  libinit2.o(.ARM.Collect$$libinit$$00000010)
    .ARM.Collect$$libinit$$00000013          0x080045b0   Section        0  libinit2.o(.ARM.Collect$$libinit$$00000013)
    .ARM.Collect$$libinit$$00000015          0x080045b0   Section        0  libinit2.o(.ARM.Collect$$libinit$$00000015)
    .ARM.Collect$$libinit$$00000017          0x080045b0   Section        0  libinit2.o(.ARM.Collect$$libinit$$00000017)
    .ARM.Collect$$libinit$$00000019          0x080045b0   Section        0  libinit2.o(.ARM.Collect$$libinit$$00000019)
    .ARM.Collect$$libinit$$0000001B          0x080045b0   Section        0  libinit2.o(.ARM.Collect$$libinit$$0000001B)
    .ARM.Collect$$libinit$$0000001D          0x080045b0   Section        0  libinit2.o(.ARM.Collect$$libinit$$0000001D)
    .ARM.Collect$$libinit$$0000001F          0x080045b0   Section        0  libinit2.o(.ARM.Collect$$libinit$$0000001F)
    .ARM.Collect$$libinit$$00000021          0x080045b0   Section        0  libinit2.o(.ARM.Collect$$libinit$$00000021)
    .ARM.Collect$$libinit$$00000023          0x080045b0   Section        0  libinit2.o(.ARM.Collect$$libinit$$00000023)
    .ARM.Collect$$libinit$$00000025          0x080045b0   Section        0  libinit2.o(.ARM.Collect$$libinit$$00000025)
    .ARM.Collect$$libinit$$00000027          0x080045b0   Section        0  libinit2.o(.ARM.Collect$$libinit$$00000027)
    .ARM.Collect$$libinit$$0000002E          0x080045b0   Section        0  libinit2.o(.ARM.Collect$$libinit$$0000002E)
    .ARM.Collect$$libinit$$00000030          0x080045b0   Section        0  libinit2.o(.ARM.Collect$$libinit$$00000030)
    .ARM.Collect$$libinit$$00000032          0x080045b0   Section        0  libinit2.o(.ARM.Collect$$libinit$$00000032)
    .ARM.Collect$$libinit$$00000034          0x080045b0   Section        0  libinit2.o(.ARM.Collect$$libinit$$00000034)
    .ARM.Collect$$libinit$$00000035          0x080045b0   Section        2  libinit2.o(.ARM.Collect$$libinit$$00000035)
    .ARM.Collect$$libshutdown$$00000000      0x080045b2   Section        2  libshutdown.o(.ARM.Collect$$libshutdown$$00000000)
    .ARM.Collect$$libshutdown$$00000002      0x080045b4   Section        0  libshutdown2.o(.ARM.Collect$$libshutdown$$00000002)
    .ARM.Collect$$libshutdown$$00000004      0x080045b4   Section        0  libshutdown2.o(.ARM.Collect$$libshutdown$$00000004)
    .ARM.Collect$$libshutdown$$00000007      0x080045b4   Section        0  libshutdown2.o(.ARM.Collect$$libshutdown$$00000007)
    .ARM.Collect$$libshutdown$$0000000A      0x080045b4   Section        0  libshutdown2.o(.ARM.Collect$$libshutdown$$0000000A)
    .ARM.Collect$$libshutdown$$0000000C      0x080045b4   Section        0  libshutdown2.o(.ARM.Collect$$libshutdown$$0000000C)
    .ARM.Collect$$libshutdown$$0000000F      0x080045b4   Section        0  libshutdown2.o(.ARM.Collect$$libshutdown$$0000000F)
    .ARM.Collect$$libshutdown$$00000010      0x080045b4   Section        2  libshutdown2.o(.ARM.Collect$$libshutdown$$00000010)
    .ARM.Collect$$rtentry$$00000000          0x080045b6   Section        0  __rtentry.o(.ARM.Collect$$rtentry$$00000000)
    .ARM.Collect$$rtentry$$00000002          0x080045b6   Section        0  __rtentry2.o(.ARM.Collect$$rtentry$$00000002)
    .ARM.Collect$$rtentry$$00000004          0x080045b6   Section        6  __rtentry4.o(.ARM.Collect$$rtentry$$00000004)
    .ARM.Collect$$rtentry$$00000009          0x080045bc   Section        0  __rtentry2.o(.ARM.Collect$$rtentry$$00000009)
    .ARM.Collect$$rtentry$$0000000A          0x080045bc   Section        4  __rtentry2.o(.ARM.Collect$$rtentry$$0000000A)
    .ARM.Collect$$rtentry$$0000000C          0x080045c0   Section        0  __rtentry2.o(.ARM.Collect$$rtentry$$0000000C)
    .ARM.Collect$$rtentry$$0000000D          0x080045c0   Section        8  __rtentry2.o(.ARM.Collect$$rtentry$$0000000D)
    .ARM.Collect$$rtexit$$00000000           0x080045c8   Section        2  rtexit.o(.ARM.Collect$$rtexit$$00000000)
    .ARM.Collect$$rtexit$$00000002           0x080045ca   Section        0  rtexit2.o(.ARM.Collect$$rtexit$$00000002)
    .ARM.Collect$$rtexit$$00000003           0x080045ca   Section        4  rtexit2.o(.ARM.Collect$$rtexit$$00000003)
    .ARM.Collect$$rtexit$$00000004           0x080045ce   Section        6  rtexit2.o(.ARM.Collect$$rtexit$$00000004)
    .text                                    0x080045d4   Section       64  startup_stm32f103xe.o(.text)
    .text                                    0x08004614   Section        0  noretval__2sprintf.o(.text)
    .text                                    0x0800463c   Section        0  __printf.o(.text)
    .text                                    0x080046a4   Section        0  _printf_dec.o(.text)
    .text                                    0x0800471c   Section        0  strlen.o(.text)
    .text                                    0x0800475a   Section       68  rt_memclr.o(.text)
    .text                                    0x0800479e   Section       78  rt_memclr_w.o(.text)
    .text                                    0x080047ec   Section        0  heapauxi.o(.text)
    .text                                    0x080047f2   Section        0  _printf_intcommon.o(.text)
    _printf_input_char                       0x080048a5   Thumb Code    10  _printf_char_common.o(.text)
    .text                                    0x080048a4   Section        0  _printf_char_common.o(.text)
    .text                                    0x080048d4   Section        0  _sputc.o(.text)
    .text                                    0x080048de   Section       74  sys_stackheap_outer.o(.text)
    .text                                    0x08004928   Section        0  exit.o(.text)
    .text                                    0x0800493c   Section        8  libspace.o(.text)
    .text                                    0x08004944   Section        0  sys_exit.o(.text)
    .text                                    0x08004950   Section        2  use_no_semi.o(.text)
    .text                                    0x08004952   Section        0  indicate_semi.o(.text)
    [Anonymous Symbol]                       0x08004954   Section        0  stm32f1xx_it.o(.text.ADC1_2_IRQHandler)
    [Anonymous Symbol]                       0x08004960   Section        0  stm32f1xx_it.o(.text.BusFault_Handler)
    [Anonymous Symbol]                       0x08004964   Section        0  stm32f1xx_it.o(.text.CAN1_RX1_IRQHandler)
    [Anonymous Symbol]                       0x08004970   Section        0  stm32f1xx_it.o(.text.DMA1_Channel5_IRQHandler)
    [Anonymous Symbol]                       0x0800497c   Section        0  stm32f1xx_it.o(.text.DMA2_Channel2_IRQHandler)
    [Anonymous Symbol]                       0x08004988   Section        0  stm32f1xx_it.o(.text.DebugMon_Handler)
    [Anonymous Symbol]                       0x0800498c   Section        0  main.o(.text.Error_Handler)
    [Anonymous Symbol]                       0x08004998   Section        0  stm32f1xx_hal_adc_ex.o(.text.HAL_ADCEx_InjectedConvCpltCallback)
    [Anonymous Symbol]                       0x0800499c   Section        0  stm32f1xx_hal_adc.o(.text.HAL_ADC_ConfigChannel)
    [Anonymous Symbol]                       0x08004b28   Section        0  main.o(.text.HAL_ADC_ConvCpltCallback)
    [Anonymous Symbol]                       0x08004b44   Section        0  stm32f1xx_hal_adc.o(.text.HAL_ADC_GetValue)
    [Anonymous Symbol]                       0x08004b4c   Section        0  stm32f1xx_hal_adc.o(.text.HAL_ADC_IRQHandler)
    [Anonymous Symbol]                       0x08004c3c   Section        0  stm32f1xx_hal_adc.o(.text.HAL_ADC_Init)
    [Anonymous Symbol]                       0x08004dac   Section        0  stm32f1xx_hal_adc.o(.text.HAL_ADC_LevelOutOfWindowCallback)
    [Anonymous Symbol]                       0x08004db0   Section        0  stm32f1xx_hal_msp.o(.text.HAL_ADC_MspInit)
    [Anonymous Symbol]                       0x08004e44   Section        0  stm32f1xx_hal_can.o(.text.HAL_CAN_ActivateNotification)
    [Anonymous Symbol]                       0x08004e74   Section        0  stm32f1xx_hal_can.o(.text.HAL_CAN_AddTxMessage)
    [Anonymous Symbol]                       0x08004f1c   Section        0  stm32f1xx_hal_can.o(.text.HAL_CAN_ConfigFilter)
    [Anonymous Symbol]                       0x08005008   Section        0  stm32f1xx_hal_can.o(.text.HAL_CAN_ErrorCallback)
    [Anonymous Symbol]                       0x0800500c   Section        0  stm32f1xx_hal_can.o(.text.HAL_CAN_GetRxMessage)
    [Anonymous Symbol]                       0x08005140   Section        0  stm32f1xx_hal_can.o(.text.HAL_CAN_IRQHandler)
    [Anonymous Symbol]                       0x080053a0   Section        0  stm32f1xx_hal_can.o(.text.HAL_CAN_Init)
    [Anonymous Symbol]                       0x08005494   Section        0  stm32f1xx_hal_msp.o(.text.HAL_CAN_MspInit)
    [Anonymous Symbol]                       0x08005520   Section        0  stm32f1xx_hal_can.o(.text.HAL_CAN_RxFifo0FullCallback)
    [Anonymous Symbol]                       0x08005524   Section        0  stm32f1xx_hal_can.o(.text.HAL_CAN_RxFifo0MsgPendingCallback)
    [Anonymous Symbol]                       0x08005528   Section        0  stm32f1xx_hal_can.o(.text.HAL_CAN_RxFifo1FullCallback)
    [Anonymous Symbol]                       0x0800552c   Section        0  can.o(.text.HAL_CAN_RxFifo1MsgPendingCallback)
    [Anonymous Symbol]                       0x08005558   Section        0  stm32f1xx_hal_can.o(.text.HAL_CAN_SleepCallback)
    [Anonymous Symbol]                       0x0800555c   Section        0  stm32f1xx_hal_can.o(.text.HAL_CAN_Start)
    [Anonymous Symbol]                       0x080055b8   Section        0  stm32f1xx_hal_can.o(.text.HAL_CAN_TxMailbox0AbortCallback)
    [Anonymous Symbol]                       0x080055bc   Section        0  stm32f1xx_hal_can.o(.text.HAL_CAN_TxMailbox0CompleteCallback)
    [Anonymous Symbol]                       0x080055c0   Section        0  stm32f1xx_hal_can.o(.text.HAL_CAN_TxMailbox1AbortCallback)
    [Anonymous Symbol]                       0x080055c4   Section        0  stm32f1xx_hal_can.o(.text.HAL_CAN_TxMailbox1CompleteCallback)
    [Anonymous Symbol]                       0x080055c8   Section        0  stm32f1xx_hal_can.o(.text.HAL_CAN_TxMailbox2AbortCallback)
    [Anonymous Symbol]                       0x080055cc   Section        0  stm32f1xx_hal_can.o(.text.HAL_CAN_TxMailbox2CompleteCallback)
    [Anonymous Symbol]                       0x080055d0   Section        0  stm32f1xx_hal_can.o(.text.HAL_CAN_WakeUpFromRxMsgCallback)
    [Anonymous Symbol]                       0x080055d4   Section        0  stm32f1xx_hal_dma.o(.text.HAL_DMA_Abort)
    [Anonymous Symbol]                       0x0800561c   Section        0  stm32f1xx_hal_dma.o(.text.HAL_DMA_Abort_IT)
    [Anonymous Symbol]                       0x0800574c   Section        0  stm32f1xx_hal_dma.o(.text.HAL_DMA_IRQHandler)
    [Anonymous Symbol]                       0x080059e8   Section        0  stm32f1xx_hal_dma.o(.text.HAL_DMA_Init)
    [Anonymous Symbol]                       0x08005a88   Section        0  stm32f1xx_hal_gpio.o(.text.HAL_GPIO_Init)
    [Anonymous Symbol]                       0x08005c84   Section        0  stm32f1xx_hal_gpio.o(.text.HAL_GPIO_ReadPin)
    [Anonymous Symbol]                       0x08005c90   Section        0  stm32f1xx_hal_gpio.o(.text.HAL_GPIO_WritePin)
    [Anonymous Symbol]                       0x08005c9c   Section        0  stm32f1xx_hal.o(.text.HAL_GetTick)
    [Anonymous Symbol]                       0x08005ca8   Section        0  stm32f1xx_hal.o(.text.HAL_IncTick)
    [Anonymous Symbol]                       0x08005cc4   Section        0  stm32f1xx_hal.o(.text.HAL_Init)
    [Anonymous Symbol]                       0x08005cec   Section        0  stm32f1xx_hal.o(.text.HAL_InitTick)
    [Anonymous Symbol]                       0x08005d34   Section        0  stm32f1xx_hal_msp.o(.text.HAL_MspInit)
    [Anonymous Symbol]                       0x08005d78   Section        0  stm32f1xx_hal_cortex.o(.text.HAL_NVIC_EnableIRQ)
    [Anonymous Symbol]                       0x08005da0   Section        0  stm32f1xx_hal_cortex.o(.text.HAL_NVIC_SetPriority)
    [Anonymous Symbol]                       0x08005df8   Section        0  stm32f1xx_hal_cortex.o(.text.HAL_NVIC_SetPriorityGrouping)
    [Anonymous Symbol]                       0x08005e18   Section        0  stm32f1xx_hal_rcc_ex.o(.text.HAL_RCCEx_PeriphCLKConfig)
    [Anonymous Symbol]                       0x08005f24   Section        0  stm32f1xx_hal_rcc.o(.text.HAL_RCC_ClockConfig)
    [Anonymous Symbol]                       0x080060e4   Section        0  stm32f1xx_hal_rcc.o(.text.HAL_RCC_GetPCLK1Freq)
    [Anonymous Symbol]                       0x0800610c   Section        0  stm32f1xx_hal_rcc.o(.text.HAL_RCC_GetPCLK2Freq)
    [Anonymous Symbol]                       0x08006134   Section        0  stm32f1xx_hal_rcc.o(.text.HAL_RCC_OscConfig)
    [Anonymous Symbol]                       0x080064e8   Section        0  stm32f1xx_hal_spi.o(.text.HAL_SPI_Init)
    [Anonymous Symbol]                       0x08006594   Section        0  stm32f1xx_hal_msp.o(.text.HAL_SPI_MspInit)
    [Anonymous Symbol]                       0x080066b4   Section        0  stm32f1xx_hal_cortex.o(.text.HAL_SYSTICK_Config)
    [Anonymous Symbol]                       0x080066e0   Section        0  stm32f1xx_hal_tim_ex.o(.text.HAL_TIMEx_MasterConfigSynchronization)
    [Anonymous Symbol]                       0x08006774   Section        0  stm32f1xx_hal_tim.o(.text.HAL_TIM_Base_Init)
    [Anonymous Symbol]                       0x0800689c   Section        0  stm32f1xx_hal_msp.o(.text.HAL_TIM_Base_MspInit)
    [Anonymous Symbol]                       0x08006924   Section        0  stm32f1xx_hal_tim.o(.text.HAL_TIM_ConfigClockSource)
    [Anonymous Symbol]                       0x08006ac0   Section        0  stm32f1xx_hal_uart.o(.text.HAL_UARTEx_RxEventCallback)
    [Anonymous Symbol]                       0x08006ac4   Section        0  stm32f1xx_hal_uart.o(.text.HAL_UART_ErrorCallback)
    [Anonymous Symbol]                       0x08006ac8   Section        0  stm32f1xx_hal_uart.o(.text.HAL_UART_IRQHandler)
    [Anonymous Symbol]                       0x08007028   Section        0  stm32f1xx_hal_uart.o(.text.HAL_UART_Init)
    [Anonymous Symbol]                       0x0800710c   Section        0  stm32f1xx_hal_msp.o(.text.HAL_UART_MspInit)
    [Anonymous Symbol]                       0x08007194   Section        0  stm32f1xx_hal_uart.o(.text.HAL_UART_Receive_IT)
    [Anonymous Symbol]                       0x080071e8   Section        0  main.o(.text.HAL_UART_RxCpltCallback)
    [Anonymous Symbol]                       0x080071ec   Section        0  stm32f1xx_hal_uart.o(.text.HAL_UART_Transmit)
    [Anonymous Symbol]                       0x08007464   Section        0  stm32f1xx_hal_uart.o(.text.HAL_UART_TxCpltCallback)
    [Anonymous Symbol]                       0x08007468   Section        0  stm32f1xx_it.o(.text.HardFault_Handler)
    [Anonymous Symbol]                       0x0800746c   Section        0  stm32f1xx_it.o(.text.MemManage_Handler)
    [Anonymous Symbol]                       0x08007470   Section        0  stm32f1xx_it.o(.text.NMI_Handler)
    [Anonymous Symbol]                       0x08007474   Section        0  stm32f1xx_it.o(.text.PendSV_Handler)
    [Anonymous Symbol]                       0x08007478   Section        0  stm32f1xx_it.o(.text.SVC_Handler)
    [Anonymous Symbol]                       0x0800747c   Section        0  stm32f1xx_it.o(.text.SysTick_Handler)
    [Anonymous Symbol]                       0x08007480   Section        0  system_stm32f1xx.o(.text.SystemInit)
    UART_DMAAbortOnError                     0x08007495   Thumb Code    12  stm32f1xx_hal_uart.o(.text.UART_DMAAbortOnError)
    [Anonymous Symbol]                       0x08007494   Section        0  stm32f1xx_hal_uart.o(.text.UART_DMAAbortOnError)
    UART_Receive_IT                          0x080074a1   Thumb Code   254  stm32f1xx_hal_uart.o(.text.UART_Receive_IT)
    [Anonymous Symbol]                       0x080074a0   Section        0  stm32f1xx_hal_uart.o(.text.UART_Receive_IT)
    [Anonymous Symbol]                       0x080075a0   Section        0  stm32f1xx_it.o(.text.USART2_IRQHandler)
    [Anonymous Symbol]                       0x080075ac   Section        0  uart.o(.text.UartInit)
    [Anonymous Symbol]                       0x080075fc   Section        0  uart.o(.text.UartRxCallback)
    [Anonymous Symbol]                       0x080076d0   Section        0  stm32f1xx_it.o(.text.UsageFault_Handler)
    __NVIC_SystemReset                       0x080076d5   Thumb Code    42  stm32f1xx_it.o(.text.__NVIC_SystemReset)
    [Anonymous Symbol]                       0x080076d4   Section        0  stm32f1xx_it.o(.text.__NVIC_SystemReset)
    [Anonymous Symbol]                       0x08007700   Section        0  color.o(.text.brighnessChange)
    [Anonymous Symbol]                       0x08007770   Section        0  can.o(.text.canInit)
    [Anonymous Symbol]                       0x080077cc   Section        0  joystick.o(.text.initAdc)
    [Anonymous Symbol]                       0x08007810   Section        0  system.o(.text.initApp)
    [Anonymous Symbol]                       0x0800783c   Section        0  switches.o(.text.initKeyStatus)
    [Anonymous Symbol]                       0x08007910   Section        0  ws2812.o(.text.initLEDs)
    [Anonymous Symbol]                       0x08007950   Section        0  can.o(.text.kbTest)
    [Anonymous Symbol]                       0x08007980   Section        0  switches.o(.text.keyCheck)
    [Anonymous Symbol]                       0x08007d40   Section        0  main.o(.text.main)
    [Anonymous Symbol]                       0x08008200   Section        0  joystick.o(.text.readAdcCallback)
    [Anonymous Symbol]                       0x08008220   Section        0  color.o(.text.setAllLEDBrightness)
    [Anonymous Symbol]                       0x0800836c   Section        0  color.o(.text.setAllLEDColor)
    _fdiv1                                   0x08008451   Thumb Code     0  fdiv.o(x$fpl$fdiv)
    x$fpl$fdiv                               0x08008450   Section      388  fdiv.o(x$fpl$fdiv)
    x$fpl$ffix                               0x080085d4   Section       54  ffix.o(x$fpl$ffix)
    x$fpl$ffltu                              0x0800860c   Section       38  fflt_clz.o(x$fpl$ffltu)
    x$fpl$fmul                               0x08008634   Section      258  fmul.o(x$fpl$fmul)
    x$fpl$fnaninf                            0x08008736   Section      140  fnaninf.o(x$fpl$fnaninf)
    x$fpl$fretinf                            0x080087c2   Section       10  fretinf.o(x$fpl$fretinf)
    x$fpl$usenofp                            0x080087cc   Section        0  usenofp.o(x$fpl$usenofp)
    HAL_RCC_GetSysClockFreq.aPredivFactorTable 0x080087e4   Data           2  stm32f1xx_hal_rcc.o(.rodata.HAL_RCC_GetSysClockFreq.aPredivFactorTable)
    [Anonymous Symbol]                       0x080087e4   Section        0  stm32f1xx_hal_rcc.o(.rodata.HAL_RCC_GetSysClockFreq.aPredivFactorTable)
    HAL_RCC_GetSysClockFreq.aPLLMULFactorTable 0x080087e6   Data          16  stm32f1xx_hal_rcc.o(.rodata.cst16)
    [Anonymous Symbol]                       0x080087e6   Section        0  stm32f1xx_hal_rcc.o(.rodata.cst16)
    .L_MergedGlobals                         0x20000000   Data           8  stm32f1xx_hal.o(.data..L_MergedGlobals)
    [Anonymous Symbol]                       0x20000000   Section        0  stm32f1xx_hal.o(.data..L_MergedGlobals)
    .bss                                     0x20000018   Section       96  libspace.o(.bss)
    .L_MergedGlobals                         0x20000078   Data           4  switches.o(.bss..L_MergedGlobals)
    keyCheck._enc1_ab                        0x20000078   Data           1  switches.o(.bss..L_MergedGlobals)
    [Anonymous Symbol]                       0x20000078   Section        0  switches.o(.bss..L_MergedGlobals)
    keyCheck._enc2_ab                        0x20000079   Data           1  switches.o(.bss..L_MergedGlobals)
    keyCheck._enc3_ab                        0x2000007a   Data           1  switches.o(.bss..L_MergedGlobals)
    keyCheck._enc4_ab                        0x2000007b   Data           1  switches.o(.bss..L_MergedGlobals)
    .L_MergedGlobals                         0x2000007c   Data          79  uart.o(.bss..L_MergedGlobals)
    [Anonymous Symbol]                       0x2000007c   Section        0  uart.o(.bss..L_MergedGlobals)
    UartRxCallback.trigerStart               0x2000007d   Data           1  uart.o(.bss..L_MergedGlobals)
    rx_index                                 0x20000080   Data           2  uart.o(.bss..L_MergedGlobals)
    .L_MergedGlobals                         0x200000cb   Data          60  system.o(.bss..L_MergedGlobals)
    [Anonymous Symbol]                       0x200000cb   Section        0  system.o(.bss..L_MergedGlobals)
    .L_MergedGlobals                         0x20000108   Data          76  joystick.o(.bss..L_MergedGlobals)
    [Anonymous Symbol]                       0x20000108   Section        0  joystick.o(.bss..L_MergedGlobals)
    adcHandler.chCnt                         0x20000109   Data           1  joystick.o(.bss..L_MergedGlobals)
    adcHandler.bufCnt                        0x2000010a   Data           1  joystick.o(.bss..L_MergedGlobals)
    adcHandler.cnt                           0x2000010c   Data           4  joystick.o(.bss..L_MergedGlobals)
    .L_MergedGlobals                         0x20000154   Data          76  can.o(.bss..L_MergedGlobals)
    [Anonymous Symbol]                       0x20000154   Section        0  can.o(.bss..L_MergedGlobals)
    .L_MergedGlobals                         0x200001a0   Data          88  main.o(.bss..L_MergedGlobals)
    [Anonymous Symbol]                       0x200001a0   Section        0  main.o(.bss..L_MergedGlobals)
    .L_MergedGlobals.4                       0x200001f8   Data          12  ws2812.o(.bss..L_MergedGlobals.4)
    updateLEDScanning.scanPos                0x200001f8   Data           1  ws2812.o(.bss..L_MergedGlobals.4)
    [Anonymous Symbol]                       0x200001f8   Section        0  ws2812.o(.bss..L_MergedGlobals.4)
    pixelProp                                0x200001fa   Data          10  ws2812.o(.bss..L_MergedGlobals.4)
    pixels                                   0x200004f0   Data          96  color.o(.bss.pixels)
    [Anonymous Symbol]                       0x200004f0   Section        0  color.o(.bss.pixels)
    Heap_Mem                                 0x20000598   Data         512  startup_stm32f103xe.o(HEAP)
    HEAP                                     0x20000598   Section      512  startup_stm32f103xe.o(HEAP)
    Stack_Mem                                0x20000798   Data        1024  startup_stm32f103xe.o(STACK)
    STACK                                    0x20000798   Section     1024  startup_stm32f103xe.o(STACK)
    __initial_sp                             0x20000b98   Data           0  startup_stm32f103xe.o(STACK)

    Global Symbols

    Symbol Name                              Value     Ov Type        Size  Object(Section)

    BuildAttributes$$THM_ISAv4$P$D$K$B$S$PE$A:L22UL41UL21$X:L11$S22US41US21$IEEE1$IW$~IW$USESV6$~STKCKD$USESV7$~SHL$OTIME$ROPI$EBA8$UX$STANDARDLIB$REQ8$PRES8$EABIv2 0x00000000   Number         0  anon$$obj.o ABSOLUTE
    __fp_init_empty                          0x00000000   Number         0  fpinit_empty.o ABSOLUTE
    __ARM_exceptions_init                     - Undefined Weak Reference
    __alloca_initialize                       - Undefined Weak Reference
    __arm_preinit_                            - Undefined Weak Reference
    __arm_relocate_pie_                       - Undefined Weak Reference
    __cpp_initialize__aeabi_                  - Undefined Weak Reference
    __cxa_finalize                            - Undefined Weak Reference
    __rt_locale                               - Undefined Weak Reference
    __sigvec_lookup                           - Undefined Weak Reference
    _atexit_init                              - Undefined Weak Reference
    _call_atexit_fns                          - Undefined Weak Reference
    _clock_init                               - Undefined Weak Reference
    _fp_trap_init                             - Undefined Weak Reference
    _fp_trap_shutdown                         - Undefined Weak Reference
    _get_lc_collate                           - Undefined Weak Reference
    _get_lc_ctype                             - Undefined Weak Reference
    _get_lc_monetary                          - Undefined Weak Reference
    _get_lc_numeric                           - Undefined Weak Reference
    _get_lc_time                              - Undefined Weak Reference
    _getenv_init                              - Undefined Weak Reference
    _handle_redirection                       - Undefined Weak Reference
    _init_alloc                               - Undefined Weak Reference
    _init_user_alloc                          - Undefined Weak Reference
    _initio                                   - Undefined Weak Reference
    _printf_post_padding                      - Undefined Weak Reference
    _printf_pre_padding                       - Undefined Weak Reference
    _printf_truncate_signed                   - Undefined Weak Reference
    _printf_truncate_unsigned                 - Undefined Weak Reference
    _rand_init                                - Undefined Weak Reference
    _signal_finish                            - Undefined Weak Reference
    _signal_init                              - Undefined Weak Reference
    _terminate_alloc                          - Undefined Weak Reference
    _terminate_user_alloc                     - Undefined Weak Reference
    _terminateio                              - Undefined Weak Reference
    __Vectors_Size                           0x00000130   Number         0  startup_stm32f103xe.o ABSOLUTE
    __Vectors                                0x08004400   Data           4  startup_stm32f103xe.o(RESET)
    __Vectors_End                            0x08004530   Data           0  startup_stm32f103xe.o(RESET)
    __main                                   0x08004531   Thumb Code     8  __main.o(!!!main)
    __scatterload                            0x08004539   Thumb Code     0  __scatter.o(!!!scatter)
    __scatterload_rt2                        0x08004539   Thumb Code    44  __scatter.o(!!!scatter)
    __scatterload_rt2_thumb_only             0x08004539   Thumb Code     0  __scatter.o(!!!scatter)
    __scatterload_null                       0x08004547   Thumb Code     0  __scatter.o(!!!scatter)
    __scatterload_copy                       0x0800456d   Thumb Code    26  __scatter_copy.o(!!handler_copy)
    __scatterload_zeroinit                   0x08004589   Thumb Code    28  __scatter_zi.o(!!handler_zi)
    _printf_d                                0x080045a5   Thumb Code     0  _printf_d.o(.ARM.Collect$$_printf_percent$$00000009)
    _printf_percent                          0x080045a5   Thumb Code     0  _printf_percent.o(.ARM.Collect$$_printf_percent$$00000000)
    _printf_percent_end                      0x080045ab   Thumb Code     0  _printf_percent_end.o(.ARM.Collect$$_printf_percent$$00000017)
    __rt_lib_init                            0x080045af   Thumb Code     0  libinit.o(.ARM.Collect$$libinit$$00000000)
    __rt_lib_init_alloca_1                   0x080045b1   Thumb Code     0  libinit2.o(.ARM.Collect$$libinit$$00000030)
    __rt_lib_init_argv_1                     0x080045b1   Thumb Code     0  libinit2.o(.ARM.Collect$$libinit$$0000002E)
    __rt_lib_init_atexit_1                   0x080045b1   Thumb Code     0  libinit2.o(.ARM.Collect$$libinit$$0000001D)
    __rt_lib_init_clock_1                    0x080045b1   Thumb Code     0  libinit2.o(.ARM.Collect$$libinit$$00000023)
    __rt_lib_init_cpp_1                      0x080045b1   Thumb Code     0  libinit2.o(.ARM.Collect$$libinit$$00000034)
    __rt_lib_init_exceptions_1               0x080045b1   Thumb Code     0  libinit2.o(.ARM.Collect$$libinit$$00000032)
    __rt_lib_init_fp_1                       0x080045b1   Thumb Code     0  libinit2.o(.ARM.Collect$$libinit$$00000002)
    __rt_lib_init_fp_trap_1                  0x080045b1   Thumb Code     0  libinit2.o(.ARM.Collect$$libinit$$00000021)
    __rt_lib_init_getenv_1                   0x080045b1   Thumb Code     0  libinit2.o(.ARM.Collect$$libinit$$00000025)
    __rt_lib_init_heap_1                     0x080045b1   Thumb Code     0  libinit2.o(.ARM.Collect$$libinit$$0000000C)
    __rt_lib_init_lc_collate_1               0x080045b1   Thumb Code     0  libinit2.o(.ARM.Collect$$libinit$$00000013)
    __rt_lib_init_lc_ctype_1                 0x080045b1   Thumb Code     0  libinit2.o(.ARM.Collect$$libinit$$00000015)
    __rt_lib_init_lc_monetary_1              0x080045b1   Thumb Code     0  libinit2.o(.ARM.Collect$$libinit$$00000017)
    __rt_lib_init_lc_numeric_1               0x080045b1   Thumb Code     0  libinit2.o(.ARM.Collect$$libinit$$00000019)
    __rt_lib_init_lc_time_1                  0x080045b1   Thumb Code     0  libinit2.o(.ARM.Collect$$libinit$$0000001B)
    __rt_lib_init_preinit_1                  0x080045b1   Thumb Code     0  libinit2.o(.ARM.Collect$$libinit$$00000006)
    __rt_lib_init_rand_1                     0x080045b1   Thumb Code     0  libinit2.o(.ARM.Collect$$libinit$$00000010)
    __rt_lib_init_relocate_pie_1             0x080045b1   Thumb Code     0  libinit2.o(.ARM.Collect$$libinit$$00000004)
    __rt_lib_init_return                     0x080045b1   Thumb Code     0  libinit2.o(.ARM.Collect$$libinit$$00000035)
    __rt_lib_init_signal_1                   0x080045b1   Thumb Code     0  libinit2.o(.ARM.Collect$$libinit$$0000001F)
    __rt_lib_init_stdio_1                    0x080045b1   Thumb Code     0  libinit2.o(.ARM.Collect$$libinit$$00000027)
    __rt_lib_init_user_alloc_1               0x080045b1   Thumb Code     0  libinit2.o(.ARM.Collect$$libinit$$0000000E)
    __rt_lib_shutdown                        0x080045b3   Thumb Code     0  libshutdown.o(.ARM.Collect$$libshutdown$$00000000)
    __rt_lib_shutdown_cpp_1                  0x080045b5   Thumb Code     0  libshutdown2.o(.ARM.Collect$$libshutdown$$00000002)
    __rt_lib_shutdown_fp_trap_1              0x080045b5   Thumb Code     0  libshutdown2.o(.ARM.Collect$$libshutdown$$00000007)
    __rt_lib_shutdown_heap_1                 0x080045b5   Thumb Code     0  libshutdown2.o(.ARM.Collect$$libshutdown$$0000000F)
    __rt_lib_shutdown_return                 0x080045b5   Thumb Code     0  libshutdown2.o(.ARM.Collect$$libshutdown$$00000010)
    __rt_lib_shutdown_signal_1               0x080045b5   Thumb Code     0  libshutdown2.o(.ARM.Collect$$libshutdown$$0000000A)
    __rt_lib_shutdown_stdio_1                0x080045b5   Thumb Code     0  libshutdown2.o(.ARM.Collect$$libshutdown$$00000004)
    __rt_lib_shutdown_user_alloc_1           0x080045b5   Thumb Code     0  libshutdown2.o(.ARM.Collect$$libshutdown$$0000000C)
    __rt_entry                               0x080045b7   Thumb Code     0  __rtentry.o(.ARM.Collect$$rtentry$$00000000)
    __rt_entry_presh_1                       0x080045b7   Thumb Code     0  __rtentry2.o(.ARM.Collect$$rtentry$$00000002)
    __rt_entry_sh                            0x080045b7   Thumb Code     0  __rtentry4.o(.ARM.Collect$$rtentry$$00000004)
    __rt_entry_li                            0x080045bd   Thumb Code     0  __rtentry2.o(.ARM.Collect$$rtentry$$0000000A)
    __rt_entry_postsh_1                      0x080045bd   Thumb Code     0  __rtentry2.o(.ARM.Collect$$rtentry$$00000009)
    __rt_entry_main                          0x080045c1   Thumb Code     0  __rtentry2.o(.ARM.Collect$$rtentry$$0000000D)
    __rt_entry_postli_1                      0x080045c1   Thumb Code     0  __rtentry2.o(.ARM.Collect$$rtentry$$0000000C)
    __rt_exit                                0x080045c9   Thumb Code     0  rtexit.o(.ARM.Collect$$rtexit$$00000000)
    __rt_exit_ls                             0x080045cb   Thumb Code     0  rtexit2.o(.ARM.Collect$$rtexit$$00000003)
    __rt_exit_prels_1                        0x080045cb   Thumb Code     0  rtexit2.o(.ARM.Collect$$rtexit$$00000002)
    __rt_exit_exit                           0x080045cf   Thumb Code     0  rtexit2.o(.ARM.Collect$$rtexit$$00000004)
    Reset_Handler                            0x080045d5   Thumb Code     8  startup_stm32f103xe.o(.text)
    ADC3_IRQHandler                          0x080045ef   Thumb Code     0  startup_stm32f103xe.o(.text)
    CAN1_SCE_IRQHandler                      0x080045ef   Thumb Code     0  startup_stm32f103xe.o(.text)
    DMA1_Channel1_IRQHandler                 0x080045ef   Thumb Code     0  startup_stm32f103xe.o(.text)
    DMA1_Channel2_IRQHandler                 0x080045ef   Thumb Code     0  startup_stm32f103xe.o(.text)
    DMA1_Channel3_IRQHandler                 0x080045ef   Thumb Code     0  startup_stm32f103xe.o(.text)
    DMA1_Channel4_IRQHandler                 0x080045ef   Thumb Code     0  startup_stm32f103xe.o(.text)
    DMA1_Channel6_IRQHandler                 0x080045ef   Thumb Code     0  startup_stm32f103xe.o(.text)
    DMA1_Channel7_IRQHandler                 0x080045ef   Thumb Code     0  startup_stm32f103xe.o(.text)
    DMA2_Channel1_IRQHandler                 0x080045ef   Thumb Code     0  startup_stm32f103xe.o(.text)
    DMA2_Channel3_IRQHandler                 0x080045ef   Thumb Code     0  startup_stm32f103xe.o(.text)
    DMA2_Channel4_5_IRQHandler               0x080045ef   Thumb Code     0  startup_stm32f103xe.o(.text)
    EXTI0_IRQHandler                         0x080045ef   Thumb Code     0  startup_stm32f103xe.o(.text)
    EXTI15_10_IRQHandler                     0x080045ef   Thumb Code     0  startup_stm32f103xe.o(.text)
    EXTI1_IRQHandler                         0x080045ef   Thumb Code     0  startup_stm32f103xe.o(.text)
    EXTI2_IRQHandler                         0x080045ef   Thumb Code     0  startup_stm32f103xe.o(.text)
    EXTI3_IRQHandler                         0x080045ef   Thumb Code     0  startup_stm32f103xe.o(.text)
    EXTI4_IRQHandler                         0x080045ef   Thumb Code     0  startup_stm32f103xe.o(.text)
    EXTI9_5_IRQHandler                       0x080045ef   Thumb Code     0  startup_stm32f103xe.o(.text)
    FLASH_IRQHandler                         0x080045ef   Thumb Code     0  startup_stm32f103xe.o(.text)
    FSMC_IRQHandler                          0x080045ef   Thumb Code     0  startup_stm32f103xe.o(.text)
    I2C1_ER_IRQHandler                       0x080045ef   Thumb Code     0  startup_stm32f103xe.o(.text)
    I2C1_EV_IRQHandler                       0x080045ef   Thumb Code     0  startup_stm32f103xe.o(.text)
    I2C2_ER_IRQHandler                       0x080045ef   Thumb Code     0  startup_stm32f103xe.o(.text)
    I2C2_EV_IRQHandler                       0x080045ef   Thumb Code     0  startup_stm32f103xe.o(.text)
    PVD_IRQHandler                           0x080045ef   Thumb Code     0  startup_stm32f103xe.o(.text)
    RCC_IRQHandler                           0x080045ef   Thumb Code     0  startup_stm32f103xe.o(.text)
    RTC_Alarm_IRQHandler                     0x080045ef   Thumb Code     0  startup_stm32f103xe.o(.text)
    RTC_IRQHandler                           0x080045ef   Thumb Code     0  startup_stm32f103xe.o(.text)
    SDIO_IRQHandler                          0x080045ef   Thumb Code     0  startup_stm32f103xe.o(.text)
    SPI1_IRQHandler                          0x080045ef   Thumb Code     0  startup_stm32f103xe.o(.text)
    SPI2_IRQHandler                          0x080045ef   Thumb Code     0  startup_stm32f103xe.o(.text)
    SPI3_IRQHandler                          0x080045ef   Thumb Code     0  startup_stm32f103xe.o(.text)
    TAMPER_IRQHandler                        0x080045ef   Thumb Code     0  startup_stm32f103xe.o(.text)
    TIM1_BRK_IRQHandler                      0x080045ef   Thumb Code     0  startup_stm32f103xe.o(.text)
    TIM1_CC_IRQHandler                       0x080045ef   Thumb Code     0  startup_stm32f103xe.o(.text)
    TIM1_TRG_COM_IRQHandler                  0x080045ef   Thumb Code     0  startup_stm32f103xe.o(.text)
    TIM1_UP_IRQHandler                       0x080045ef   Thumb Code     0  startup_stm32f103xe.o(.text)
    TIM2_IRQHandler                          0x080045ef   Thumb Code     0  startup_stm32f103xe.o(.text)
    TIM3_IRQHandler                          0x080045ef   Thumb Code     0  startup_stm32f103xe.o(.text)
    TIM4_IRQHandler                          0x080045ef   Thumb Code     0  startup_stm32f103xe.o(.text)
    TIM5_IRQHandler                          0x080045ef   Thumb Code     0  startup_stm32f103xe.o(.text)
    TIM6_IRQHandler                          0x080045ef   Thumb Code     0  startup_stm32f103xe.o(.text)
    TIM7_IRQHandler                          0x080045ef   Thumb Code     0  startup_stm32f103xe.o(.text)
    TIM8_BRK_IRQHandler                      0x080045ef   Thumb Code     0  startup_stm32f103xe.o(.text)
    TIM8_CC_IRQHandler                       0x080045ef   Thumb Code     0  startup_stm32f103xe.o(.text)
    TIM8_TRG_COM_IRQHandler                  0x080045ef   Thumb Code     0  startup_stm32f103xe.o(.text)
    TIM8_UP_IRQHandler                       0x080045ef   Thumb Code     0  startup_stm32f103xe.o(.text)
    UART4_IRQHandler                         0x080045ef   Thumb Code     0  startup_stm32f103xe.o(.text)
    UART5_IRQHandler                         0x080045ef   Thumb Code     0  startup_stm32f103xe.o(.text)
    USART1_IRQHandler                        0x080045ef   Thumb Code     0  startup_stm32f103xe.o(.text)
    USART3_IRQHandler                        0x080045ef   Thumb Code     0  startup_stm32f103xe.o(.text)
    USBWakeUp_IRQHandler                     0x080045ef   Thumb Code     0  startup_stm32f103xe.o(.text)
    USB_HP_CAN1_TX_IRQHandler                0x080045ef   Thumb Code     0  startup_stm32f103xe.o(.text)
    USB_LP_CAN1_RX0_IRQHandler               0x080045ef   Thumb Code     0  startup_stm32f103xe.o(.text)
    WWDG_IRQHandler                          0x080045ef   Thumb Code     0  startup_stm32f103xe.o(.text)
    __user_initial_stackheap                 0x080045f1   Thumb Code     0  startup_stm32f103xe.o(.text)
    __2sprintf                               0x08004615   Thumb Code    34  noretval__2sprintf.o(.text)
    __printf                                 0x0800463d   Thumb Code   104  __printf.o(.text)
    _printf_int_dec                          0x080046a5   Thumb Code   104  _printf_dec.o(.text)
    strlen                                   0x0800471d   Thumb Code    62  strlen.o(.text)
    __aeabi_memclr                           0x0800475b   Thumb Code     0  rt_memclr.o(.text)
    __rt_memclr                              0x0800475b   Thumb Code     0  rt_memclr.o(.text)
    _memset                                  0x0800475f   Thumb Code    64  rt_memclr.o(.text)
    __aeabi_memclr4                          0x0800479f   Thumb Code     0  rt_memclr_w.o(.text)
    __aeabi_memclr8                          0x0800479f   Thumb Code     0  rt_memclr_w.o(.text)
    __rt_memclr_w                            0x0800479f   Thumb Code     0  rt_memclr_w.o(.text)
    _memset_w                                0x080047a3   Thumb Code    74  rt_memclr_w.o(.text)
    __use_two_region_memory                  0x080047ed   Thumb Code     2  heapauxi.o(.text)
    __rt_heap_escrow$2region                 0x080047ef   Thumb Code     2  heapauxi.o(.text)
    __rt_heap_expand$2region                 0x080047f1   Thumb Code     2  heapauxi.o(.text)
    _printf_int_common                       0x080047f3   Thumb Code   178  _printf_intcommon.o(.text)
    _printf_char_common                      0x080048af   Thumb Code    32  _printf_char_common.o(.text)
    _sputc                                   0x080048d5   Thumb Code    10  _sputc.o(.text)
    __user_setup_stackheap                   0x080048df   Thumb Code    74  sys_stackheap_outer.o(.text)
    exit                                     0x08004929   Thumb Code    18  exit.o(.text)
    __user_libspace                          0x0800493d   Thumb Code     8  libspace.o(.text)
    __user_perproc_libspace                  0x0800493d   Thumb Code     0  libspace.o(.text)
    __user_perthread_libspace                0x0800493d   Thumb Code     0  libspace.o(.text)
    _sys_exit                                0x08004945   Thumb Code     8  sys_exit.o(.text)
    __I$use$semihosting                      0x08004951   Thumb Code     0  use_no_semi.o(.text)
    __use_no_semihosting_swi                 0x08004951   Thumb Code     2  use_no_semi.o(.text)
    __semihosting_library_function           0x08004953   Thumb Code     0  indicate_semi.o(.text)
    ADC1_2_IRQHandler                        0x08004955   Thumb Code    12  stm32f1xx_it.o(.text.ADC1_2_IRQHandler)
    BusFault_Handler                         0x08004961   Thumb Code     2  stm32f1xx_it.o(.text.BusFault_Handler)
    CAN1_RX1_IRQHandler                      0x08004965   Thumb Code    12  stm32f1xx_it.o(.text.CAN1_RX1_IRQHandler)
    DMA1_Channel5_IRQHandler                 0x08004971   Thumb Code    12  stm32f1xx_it.o(.text.DMA1_Channel5_IRQHandler)
    DMA2_Channel2_IRQHandler                 0x0800497d   Thumb Code    12  stm32f1xx_it.o(.text.DMA2_Channel2_IRQHandler)
    DebugMon_Handler                         0x08004989   Thumb Code     2  stm32f1xx_it.o(.text.DebugMon_Handler)
    Error_Handler                            0x0800498d   Thumb Code    10  main.o(.text.Error_Handler)
    HAL_ADCEx_InjectedConvCpltCallback       0x08004999   Thumb Code     2  stm32f1xx_hal_adc_ex.o(.text.HAL_ADCEx_InjectedConvCpltCallback)
    HAL_ADC_ConfigChannel                    0x0800499d   Thumb Code   396  stm32f1xx_hal_adc.o(.text.HAL_ADC_ConfigChannel)
    HAL_ADC_ConvCpltCallback                 0x08004b29   Thumb Code    26  main.o(.text.HAL_ADC_ConvCpltCallback)
    HAL_ADC_GetValue                         0x08004b45   Thumb Code     6  stm32f1xx_hal_adc.o(.text.HAL_ADC_GetValue)
    HAL_ADC_IRQHandler                       0x08004b4d   Thumb Code   238  stm32f1xx_hal_adc.o(.text.HAL_ADC_IRQHandler)
    HAL_ADC_Init                             0x08004c3d   Thumb Code   368  stm32f1xx_hal_adc.o(.text.HAL_ADC_Init)
    HAL_ADC_LevelOutOfWindowCallback         0x08004dad   Thumb Code     2  stm32f1xx_hal_adc.o(.text.HAL_ADC_LevelOutOfWindowCallback)
    HAL_ADC_MspInit                          0x08004db1   Thumb Code   148  stm32f1xx_hal_msp.o(.text.HAL_ADC_MspInit)
    HAL_CAN_ActivateNotification             0x08004e45   Thumb Code    46  stm32f1xx_hal_can.o(.text.HAL_CAN_ActivateNotification)
    HAL_CAN_AddTxMessage                     0x08004e75   Thumb Code   168  stm32f1xx_hal_can.o(.text.HAL_CAN_AddTxMessage)
    HAL_CAN_ConfigFilter                     0x08004f1d   Thumb Code   234  stm32f1xx_hal_can.o(.text.HAL_CAN_ConfigFilter)
    HAL_CAN_ErrorCallback                    0x08005009   Thumb Code     2  stm32f1xx_hal_can.o(.text.HAL_CAN_ErrorCallback)
    HAL_CAN_GetRxMessage                     0x0800500d   Thumb Code   308  stm32f1xx_hal_can.o(.text.HAL_CAN_GetRxMessage)
    HAL_CAN_IRQHandler                       0x08005141   Thumb Code   606  stm32f1xx_hal_can.o(.text.HAL_CAN_IRQHandler)
    HAL_CAN_Init                             0x080053a1   Thumb Code   244  stm32f1xx_hal_can.o(.text.HAL_CAN_Init)
    HAL_CAN_MspInit                          0x08005495   Thumb Code   138  stm32f1xx_hal_msp.o(.text.HAL_CAN_MspInit)
    HAL_CAN_RxFifo0FullCallback              0x08005521   Thumb Code     2  stm32f1xx_hal_can.o(.text.HAL_CAN_RxFifo0FullCallback)
    HAL_CAN_RxFifo0MsgPendingCallback        0x08005525   Thumb Code     2  stm32f1xx_hal_can.o(.text.HAL_CAN_RxFifo0MsgPendingCallback)
    HAL_CAN_RxFifo1FullCallback              0x08005529   Thumb Code     2  stm32f1xx_hal_can.o(.text.HAL_CAN_RxFifo1FullCallback)
    HAL_CAN_RxFifo1MsgPendingCallback        0x0800552d   Thumb Code    44  can.o(.text.HAL_CAN_RxFifo1MsgPendingCallback)
    HAL_CAN_SleepCallback                    0x08005559   Thumb Code     2  stm32f1xx_hal_can.o(.text.HAL_CAN_SleepCallback)
    HAL_CAN_Start                            0x0800555d   Thumb Code    90  stm32f1xx_hal_can.o(.text.HAL_CAN_Start)
    HAL_CAN_TxMailbox0AbortCallback          0x080055b9   Thumb Code     2  stm32f1xx_hal_can.o(.text.HAL_CAN_TxMailbox0AbortCallback)
    HAL_CAN_TxMailbox0CompleteCallback       0x080055bd   Thumb Code     2  stm32f1xx_hal_can.o(.text.HAL_CAN_TxMailbox0CompleteCallback)
    HAL_CAN_TxMailbox1AbortCallback          0x080055c1   Thumb Code     2  stm32f1xx_hal_can.o(.text.HAL_CAN_TxMailbox1AbortCallback)
    HAL_CAN_TxMailbox1CompleteCallback       0x080055c5   Thumb Code     2  stm32f1xx_hal_can.o(.text.HAL_CAN_TxMailbox1CompleteCallback)
    HAL_CAN_TxMailbox2AbortCallback          0x080055c9   Thumb Code     2  stm32f1xx_hal_can.o(.text.HAL_CAN_TxMailbox2AbortCallback)
    HAL_CAN_TxMailbox2CompleteCallback       0x080055cd   Thumb Code     2  stm32f1xx_hal_can.o(.text.HAL_CAN_TxMailbox2CompleteCallback)
    HAL_CAN_WakeUpFromRxMsgCallback          0x080055d1   Thumb Code     2  stm32f1xx_hal_can.o(.text.HAL_CAN_WakeUpFromRxMsgCallback)
    HAL_DMA_Abort                            0x080055d5   Thumb Code    70  stm32f1xx_hal_dma.o(.text.HAL_DMA_Abort)
    HAL_DMA_Abort_IT                         0x0800561d   Thumb Code   302  stm32f1xx_hal_dma.o(.text.HAL_DMA_Abort_IT)
    HAL_DMA_IRQHandler                       0x0800574d   Thumb Code   666  stm32f1xx_hal_dma.o(.text.HAL_DMA_IRQHandler)
    HAL_DMA_Init                             0x080059e9   Thumb Code   158  stm32f1xx_hal_dma.o(.text.HAL_DMA_Init)
    HAL_GPIO_Init                            0x08005a89   Thumb Code   506  stm32f1xx_hal_gpio.o(.text.HAL_GPIO_Init)
    HAL_GPIO_ReadPin                         0x08005c85   Thumb Code    10  stm32f1xx_hal_gpio.o(.text.HAL_GPIO_ReadPin)
    HAL_GPIO_WritePin                        0x08005c91   Thumb Code    10  stm32f1xx_hal_gpio.o(.text.HAL_GPIO_WritePin)
    HAL_GetTick                              0x08005c9d   Thumb Code    12  stm32f1xx_hal.o(.text.HAL_GetTick)
    HAL_IncTick                              0x08005ca9   Thumb Code    26  stm32f1xx_hal.o(.text.HAL_IncTick)
    HAL_Init                                 0x08005cc5   Thumb Code    38  stm32f1xx_hal.o(.text.HAL_Init)
    HAL_InitTick                             0x08005ced   Thumb Code    72  stm32f1xx_hal.o(.text.HAL_InitTick)
    HAL_MspInit                              0x08005d35   Thumb Code    66  stm32f1xx_hal_msp.o(.text.HAL_MspInit)
    HAL_NVIC_EnableIRQ                       0x08005d79   Thumb Code    38  stm32f1xx_hal_cortex.o(.text.HAL_NVIC_EnableIRQ)
    HAL_NVIC_SetPriority                     0x08005da1   Thumb Code    86  stm32f1xx_hal_cortex.o(.text.HAL_NVIC_SetPriority)
    HAL_NVIC_SetPriorityGrouping             0x08005df9   Thumb Code    32  stm32f1xx_hal_cortex.o(.text.HAL_NVIC_SetPriorityGrouping)
    HAL_RCCEx_PeriphCLKConfig                0x08005e19   Thumb Code   266  stm32f1xx_hal_rcc_ex.o(.text.HAL_RCCEx_PeriphCLKConfig)
    HAL_RCC_ClockConfig                      0x08005f25   Thumb Code   446  stm32f1xx_hal_rcc.o(.text.HAL_RCC_ClockConfig)
    HAL_RCC_GetPCLK1Freq                     0x080060e5   Thumb Code    38  stm32f1xx_hal_rcc.o(.text.HAL_RCC_GetPCLK1Freq)
    HAL_RCC_GetPCLK2Freq                     0x0800610d   Thumb Code    38  stm32f1xx_hal_rcc.o(.text.HAL_RCC_GetPCLK2Freq)
    HAL_RCC_OscConfig                        0x08006135   Thumb Code   948  stm32f1xx_hal_rcc.o(.text.HAL_RCC_OscConfig)
    HAL_SPI_Init                             0x080064e9   Thumb Code   172  stm32f1xx_hal_spi.o(.text.HAL_SPI_Init)
    HAL_SPI_MspInit                          0x08006595   Thumb Code   286  stm32f1xx_hal_msp.o(.text.HAL_SPI_MspInit)
    HAL_SYSTICK_Config                       0x080066b5   Thumb Code    44  stm32f1xx_hal_cortex.o(.text.HAL_SYSTICK_Config)
    HAL_TIMEx_MasterConfigSynchronization    0x080066e1   Thumb Code   146  stm32f1xx_hal_tim_ex.o(.text.HAL_TIMEx_MasterConfigSynchronization)
    HAL_TIM_Base_Init                        0x08006775   Thumb Code   294  stm32f1xx_hal_tim.o(.text.HAL_TIM_Base_Init)
    HAL_TIM_Base_MspInit                     0x0800689d   Thumb Code   134  stm32f1xx_hal_msp.o(.text.HAL_TIM_Base_MspInit)
    HAL_TIM_ConfigClockSource                0x08006925   Thumb Code   412  stm32f1xx_hal_tim.o(.text.HAL_TIM_ConfigClockSource)
    HAL_UARTEx_RxEventCallback               0x08006ac1   Thumb Code     2  stm32f1xx_hal_uart.o(.text.HAL_UARTEx_RxEventCallback)
    HAL_UART_ErrorCallback                   0x08006ac5   Thumb Code     2  stm32f1xx_hal_uart.o(.text.HAL_UART_ErrorCallback)
    HAL_UART_IRQHandler                      0x08006ac9   Thumb Code  1376  stm32f1xx_hal_uart.o(.text.HAL_UART_IRQHandler)
    HAL_UART_Init                            0x08007029   Thumb Code   226  stm32f1xx_hal_uart.o(.text.HAL_UART_Init)
    HAL_UART_MspInit                         0x0800710d   Thumb Code   134  stm32f1xx_hal_msp.o(.text.HAL_UART_MspInit)
    HAL_UART_Receive_IT                      0x08007195   Thumb Code    82  stm32f1xx_hal_uart.o(.text.HAL_UART_Receive_IT)
    HAL_UART_RxCpltCallback                  0x080071e9   Thumb Code     4  main.o(.text.HAL_UART_RxCpltCallback)
    HAL_UART_Transmit                        0x080071ed   Thumb Code   632  stm32f1xx_hal_uart.o(.text.HAL_UART_Transmit)
    HAL_UART_TxCpltCallback                  0x08007465   Thumb Code     2  stm32f1xx_hal_uart.o(.text.HAL_UART_TxCpltCallback)
    HardFault_Handler                        0x08007469   Thumb Code     4  stm32f1xx_it.o(.text.HardFault_Handler)
    MemManage_Handler                        0x0800746d   Thumb Code     2  stm32f1xx_it.o(.text.MemManage_Handler)
    NMI_Handler                              0x08007471   Thumb Code     2  stm32f1xx_it.o(.text.NMI_Handler)
    PendSV_Handler                           0x08007475   Thumb Code     2  stm32f1xx_it.o(.text.PendSV_Handler)
    SVC_Handler                              0x08007479   Thumb Code     2  stm32f1xx_it.o(.text.SVC_Handler)
    SysTick_Handler                          0x0800747d   Thumb Code     4  stm32f1xx_it.o(.text.SysTick_Handler)
    SystemInit                               0x08007481   Thumb Code    20  system_stm32f1xx.o(.text.SystemInit)
    USART2_IRQHandler                        0x080075a1   Thumb Code    12  stm32f1xx_it.o(.text.USART2_IRQHandler)
    UartInit                                 0x080075ad   Thumb Code    80  uart.o(.text.UartInit)
    UartRxCallback                           0x080075fd   Thumb Code   210  uart.o(.text.UartRxCallback)
    UsageFault_Handler                       0x080076d1   Thumb Code     2  stm32f1xx_it.o(.text.UsageFault_Handler)
    brighnessChange                          0x08007701   Thumb Code   110  color.o(.text.brighnessChange)
    canInit                                  0x08007771   Thumb Code    92  can.o(.text.canInit)
    initAdc                                  0x080077cd   Thumb Code    68  joystick.o(.text.initAdc)
    initApp                                  0x08007811   Thumb Code    42  system.o(.text.initApp)
    initKeyStatus                            0x0800783d   Thumb Code   210  switches.o(.text.initKeyStatus)
    initLEDs                                 0x08007911   Thumb Code    64  ws2812.o(.text.initLEDs)
    kbTest                                   0x08007951   Thumb Code    48  can.o(.text.kbTest)
    keyCheck                                 0x08007981   Thumb Code   960  switches.o(.text.keyCheck)
    main                                     0x08007d41   Thumb Code  1180  main.o(.text.main)
    readAdcCallback                          0x08008201   Thumb Code    30  joystick.o(.text.readAdcCallback)
    setAllLEDBrightness                      0x08008221   Thumb Code   330  color.o(.text.setAllLEDBrightness)
    setAllLEDColor                           0x0800836d   Thumb Code   226  color.o(.text.setAllLEDColor)
    __aeabi_fdiv                             0x08008451   Thumb Code     0  fdiv.o(x$fpl$fdiv)
    _fdiv                                    0x08008451   Thumb Code   384  fdiv.o(x$fpl$fdiv)
    __aeabi_f2iz                             0x080085d5   Thumb Code     0  ffix.o(x$fpl$ffix)
    _ffix                                    0x080085d5   Thumb Code    54  ffix.o(x$fpl$ffix)
    __aeabi_ui2f                             0x0800860d   Thumb Code     0  fflt_clz.o(x$fpl$ffltu)
    _ffltu                                   0x0800860d   Thumb Code    38  fflt_clz.o(x$fpl$ffltu)
    __aeabi_fmul                             0x08008635   Thumb Code     0  fmul.o(x$fpl$fmul)
    _fmul                                    0x08008635   Thumb Code   258  fmul.o(x$fpl$fmul)
    __fpl_fnaninf                            0x08008737   Thumb Code   140  fnaninf.o(x$fpl$fnaninf)
    __fpl_fretinf                            0x080087c3   Thumb Code    10  fretinf.o(x$fpl$fretinf)
    AHBPrescTable                            0x080087cc   Data          16  system_stm32f1xx.o(.rodata.AHBPrescTable)
    __I$use$fp                               0x080087cc   Number         0  usenofp.o(x$fpl$usenofp)
    APBPrescTable                            0x080087dc   Data           8  system_stm32f1xx.o(.rodata.APBPrescTable)
    Region$$Table$$Base                      0x080087f8   Number         0  anon$$obj.o(Region$$Table)
    Region$$Table$$Limit                     0x08008818   Number         0  anon$$obj.o(Region$$Table)
    uwTickFreq                               0x20000000   Data           1  stm32f1xx_hal.o(.data..L_MergedGlobals)
    uwTickPrio                               0x20000004   Data           4  stm32f1xx_hal.o(.data..L_MergedGlobals)
    APP_Version                              0x20000008   Data           2  main.o(.data.APP_Version)
    SystemCoreClock                          0x2000000c   Data           4  system_stm32f1xx.o(.data.SystemCoreClock)
    flgAdcCompleted                          0x20000010   Data           1  joystick.o(.data.flgAdcCompleted)
    __libspace_start                         0x20000018   Data          96  libspace.o(.bss)
    __temporary_stack_top$libspace           0x20000078   Data           0  libspace.o(.bss)
    flg_packetReceived                       0x2000007c   Data           1  uart.o(.bss..L_MergedGlobals)
    checksum                                 0x2000007e   Data           1  uart.o(.bss..L_MergedGlobals)
    sendPacket                               0x20000082   Data           9  uart.o(.bss..L_MergedGlobals)
    rx_buffer                                0x2000008b   Data          64  uart.o(.bss..L_MergedGlobals)
    flgUsrEvents                             0x200000cb   Data           5  system.o(.bss..L_MergedGlobals)
    flgEvents                                0x200000d0   Data          55  system.o(.bss..L_MergedGlobals)
    curCh                                    0x20000108   Data           1  joystick.o(.bss..L_MergedGlobals)
    adcBuf                                   0x20000110   Data          16  joystick.o(.bss..L_MergedGlobals)
    joystick                                 0x20000120   Data          16  joystick.o(.bss..L_MergedGlobals)
    joystickStatus                           0x20000130   Data          36  joystick.o(.bss..L_MergedGlobals)
    flgRcvCAN                                0x20000154   Data           4  can.o(.bss..L_MergedGlobals)
    TxMailbox                                0x20000158   Data           4  can.o(.bss..L_MergedGlobals)
    RxData                                   0x2000015c   Data           8  can.o(.bss..L_MergedGlobals)
    TxData                                   0x20000164   Data           8  can.o(.bss..L_MergedGlobals)
    TxHeader                                 0x2000016c   Data          24  can.o(.bss..L_MergedGlobals)
    RxHeader                                 0x20000184   Data          28  can.o(.bss..L_MergedGlobals)
    hcan                                     0x200001a0   Data          40  main.o(.bss..L_MergedGlobals)
    hadc1                                    0x200001c8   Data          48  main.o(.bss..L_MergedGlobals)
    hdma_spi2_tx                             0x20000204   Data          68  main.o(.bss.hdma_spi2_tx)
    hdma_spi3_tx                             0x20000248   Data          68  main.o(.bss.hdma_spi3_tx)
    hspi2                                    0x2000028c   Data          88  main.o(.bss.hspi2)
    hspi3                                    0x200002e4   Data          88  main.o(.bss.hspi3)
    htim1                                    0x2000033c   Data          72  main.o(.bss.htim1)
    htim2                                    0x20000384   Data          72  main.o(.bss.htim2)
    htim3                                    0x200003cc   Data          72  main.o(.bss.htim3)
    huart2                                   0x20000414   Data          72  main.o(.bss.huart2)
    keyStatus                                0x2000045c   Data         146  switches.o(.bss.keyStatus)
    tx_buffer                                0x20000550   Data          64  uart.o(.bss.tx_buffer)
    uwTick                                   0x20000590   Data           4  stm32f1xx_hal.o(.bss.uwTick)



==============================================================================

Memory Map of the image

  Image Entry point : 0x08004531

  Load Region LR_IROM1 (Base: 0x08004400, Size: 0x00004430, Max: 0x0003bc00, ABSOLUTE)

    Execution Region ER_IROM1 (Exec base: 0x08004400, Load base: 0x08004400, Size: 0x00004418, Max: 0x0003bc00, ABSOLUTE)

    Exec Addr    Load Addr    Size         Type   Attr      Idx    E Section Name        Object

    0x08004400   0x08004400   0x00000130   Data   RO            3    RESET               startup_stm32f103xe.o
    0x08004530   0x08004530   0x00000008   Code   RO         1492  * !!!main             c_w.l(__main.o)
    0x08004538   0x08004538   0x00000034   Code   RO         1705    !!!scatter          c_w.l(__scatter.o)
    0x0800456c   0x0800456c   0x0000001a   Code   RO         1707    !!handler_copy      c_w.l(__scatter_copy.o)
    0x08004586   0x08004586   0x00000002   PAD
    0x08004588   0x08004588   0x0000001c   Code   RO         1709    !!handler_zi        c_w.l(__scatter_zi.o)
    0x080045a4   0x080045a4   0x00000000   Code   RO         1481    .ARM.Collect$$_printf_percent$$00000000  c_w.l(_printf_percent.o)
    0x080045a4   0x080045a4   0x00000006   Code   RO         1480    .ARM.Collect$$_printf_percent$$00000009  c_w.l(_printf_d.o)
    0x080045aa   0x080045aa   0x00000004   Code   RO         1525    .ARM.Collect$$_printf_percent$$00000017  c_w.l(_printf_percent_end.o)
    0x080045ae   0x080045ae   0x00000002   Code   RO         1567    .ARM.Collect$$libinit$$00000000  c_w.l(libinit.o)
    0x080045b0   0x080045b0   0x00000000   Code   RO         1574    .ARM.Collect$$libinit$$00000002  c_w.l(libinit2.o)
    0x080045b0   0x080045b0   0x00000000   Code   RO         1576    .ARM.Collect$$libinit$$00000004  c_w.l(libinit2.o)
    0x080045b0   0x080045b0   0x00000000   Code   RO         1578    .ARM.Collect$$libinit$$00000006  c_w.l(libinit2.o)
    0x080045b0   0x080045b0   0x00000000   Code   RO         1581    .ARM.Collect$$libinit$$0000000C  c_w.l(libinit2.o)
    0x080045b0   0x080045b0   0x00000000   Code   RO         1583    .ARM.Collect$$libinit$$0000000E  c_w.l(libinit2.o)
    0x080045b0   0x080045b0   0x00000000   Code   RO         1585    .ARM.Collect$$libinit$$00000010  c_w.l(libinit2.o)
    0x080045b0   0x080045b0   0x00000000   Code   RO         1588    .ARM.Collect$$libinit$$00000013  c_w.l(libinit2.o)
    0x080045b0   0x080045b0   0x00000000   Code   RO         1590    .ARM.Collect$$libinit$$00000015  c_w.l(libinit2.o)
    0x080045b0   0x080045b0   0x00000000   Code   RO         1592    .ARM.Collect$$libinit$$00000017  c_w.l(libinit2.o)
    0x080045b0   0x080045b0   0x00000000   Code   RO         1594    .ARM.Collect$$libinit$$00000019  c_w.l(libinit2.o)
    0x080045b0   0x080045b0   0x00000000   Code   RO         1596    .ARM.Collect$$libinit$$0000001B  c_w.l(libinit2.o)
    0x080045b0   0x080045b0   0x00000000   Code   RO         1598    .ARM.Collect$$libinit$$0000001D  c_w.l(libinit2.o)
    0x080045b0   0x080045b0   0x00000000   Code   RO         1600    .ARM.Collect$$libinit$$0000001F  c_w.l(libinit2.o)
    0x080045b0   0x080045b0   0x00000000   Code   RO         1602    .ARM.Collect$$libinit$$00000021  c_w.l(libinit2.o)
    0x080045b0   0x080045b0   0x00000000   Code   RO         1604    .ARM.Collect$$libinit$$00000023  c_w.l(libinit2.o)
    0x080045b0   0x080045b0   0x00000000   Code   RO         1606    .ARM.Collect$$libinit$$00000025  c_w.l(libinit2.o)
    0x080045b0   0x080045b0   0x00000000   Code   RO         1608    .ARM.Collect$$libinit$$00000027  c_w.l(libinit2.o)
    0x080045b0   0x080045b0   0x00000000   Code   RO         1612    .ARM.Collect$$libinit$$0000002E  c_w.l(libinit2.o)
    0x080045b0   0x080045b0   0x00000000   Code   RO         1614    .ARM.Collect$$libinit$$00000030  c_w.l(libinit2.o)
    0x080045b0   0x080045b0   0x00000000   Code   RO         1616    .ARM.Collect$$libinit$$00000032  c_w.l(libinit2.o)
    0x080045b0   0x080045b0   0x00000000   Code   RO         1618    .ARM.Collect$$libinit$$00000034  c_w.l(libinit2.o)
    0x080045b0   0x080045b0   0x00000002   Code   RO         1619    .ARM.Collect$$libinit$$00000035  c_w.l(libinit2.o)
    0x080045b2   0x080045b2   0x00000002   Code   RO         1641    .ARM.Collect$$libshutdown$$00000000  c_w.l(libshutdown.o)
    0x080045b4   0x080045b4   0x00000000   Code   RO         1656    .ARM.Collect$$libshutdown$$00000002  c_w.l(libshutdown2.o)
    0x080045b4   0x080045b4   0x00000000   Code   RO         1658    .ARM.Collect$$libshutdown$$00000004  c_w.l(libshutdown2.o)
    0x080045b4   0x080045b4   0x00000000   Code   RO         1661    .ARM.Collect$$libshutdown$$00000007  c_w.l(libshutdown2.o)
    0x080045b4   0x080045b4   0x00000000   Code   RO         1664    .ARM.Collect$$libshutdown$$0000000A  c_w.l(libshutdown2.o)
    0x080045b4   0x080045b4   0x00000000   Code   RO         1666    .ARM.Collect$$libshutdown$$0000000C  c_w.l(libshutdown2.o)
    0x080045b4   0x080045b4   0x00000000   Code   RO         1669    .ARM.Collect$$libshutdown$$0000000F  c_w.l(libshutdown2.o)
    0x080045b4   0x080045b4   0x00000002   Code   RO         1670    .ARM.Collect$$libshutdown$$00000010  c_w.l(libshutdown2.o)
    0x080045b6   0x080045b6   0x00000000   Code   RO         1518    .ARM.Collect$$rtentry$$00000000  c_w.l(__rtentry.o)
    0x080045b6   0x080045b6   0x00000000   Code   RO         1540    .ARM.Collect$$rtentry$$00000002  c_w.l(__rtentry2.o)
    0x080045b6   0x080045b6   0x00000006   Code   RO         1552    .ARM.Collect$$rtentry$$00000004  c_w.l(__rtentry4.o)
    0x080045bc   0x080045bc   0x00000000   Code   RO         1542    .ARM.Collect$$rtentry$$00000009  c_w.l(__rtentry2.o)
    0x080045bc   0x080045bc   0x00000004   Code   RO         1543    .ARM.Collect$$rtentry$$0000000A  c_w.l(__rtentry2.o)
    0x080045c0   0x080045c0   0x00000000   Code   RO         1545    .ARM.Collect$$rtentry$$0000000C  c_w.l(__rtentry2.o)
    0x080045c0   0x080045c0   0x00000008   Code   RO         1546    .ARM.Collect$$rtentry$$0000000D  c_w.l(__rtentry2.o)
    0x080045c8   0x080045c8   0x00000002   Code   RO         1571    .ARM.Collect$$rtexit$$00000000  c_w.l(rtexit.o)
    0x080045ca   0x080045ca   0x00000000   Code   RO         1621    .ARM.Collect$$rtexit$$00000002  c_w.l(rtexit2.o)
    0x080045ca   0x080045ca   0x00000004   Code   RO         1622    .ARM.Collect$$rtexit$$00000003  c_w.l(rtexit2.o)
    0x080045ce   0x080045ce   0x00000006   Code   RO         1623    .ARM.Collect$$rtexit$$00000004  c_w.l(rtexit2.o)
    0x080045d4   0x080045d4   0x00000040   Code   RO            4    .text               startup_stm32f103xe.o
    0x08004614   0x08004614   0x00000028   Code   RO         1454    .text               c_w.l(noretval__2sprintf.o)
    0x0800463c   0x0800463c   0x00000068   Code   RO         1456    .text               c_w.l(__printf.o)
    0x080046a4   0x080046a4   0x00000078   Code   RO         1458    .text               c_w.l(_printf_dec.o)
    0x0800471c   0x0800471c   0x0000003e   Code   RO         1482    .text               c_w.l(strlen.o)
    0x0800475a   0x0800475a   0x00000044   Code   RO         1486    .text               c_w.l(rt_memclr.o)
    0x0800479e   0x0800479e   0x0000004e   Code   RO         1488    .text               c_w.l(rt_memclr_w.o)
    0x080047ec   0x080047ec   0x00000006   Code   RO         1490    .text               c_w.l(heapauxi.o)
    0x080047f2   0x080047f2   0x000000b2   Code   RO         1519    .text               c_w.l(_printf_intcommon.o)
    0x080048a4   0x080048a4   0x00000030   Code   RO         1521    .text               c_w.l(_printf_char_common.o)
    0x080048d4   0x080048d4   0x0000000a   Code   RO         1523    .text               c_w.l(_sputc.o)
    0x080048de   0x080048de   0x0000004a   Code   RO         1558    .text               c_w.l(sys_stackheap_outer.o)
    0x08004928   0x08004928   0x00000012   Code   RO         1560    .text               c_w.l(exit.o)
    0x0800493a   0x0800493a   0x00000002   PAD
    0x0800493c   0x0800493c   0x00000008   Code   RO         1568    .text               c_w.l(libspace.o)
    0x08004944   0x08004944   0x0000000c   Code   RO         1631    .text               c_w.l(sys_exit.o)
    0x08004950   0x08004950   0x00000002   Code   RO         1646    .text               c_w.l(use_no_semi.o)
    0x08004952   0x08004952   0x00000000   Code   RO         1648    .text               c_w.l(indicate_semi.o)
    0x08004952   0x08004952   0x00000002   PAD
    0x08004954   0x08004954   0x0000000c   Code   RO          236    .text.ADC1_2_IRQHandler  stm32f1xx_it.o
    0x08004960   0x08004960   0x00000002   Code   RO          222    .text.BusFault_Handler  stm32f1xx_it.o
    0x08004962   0x08004962   0x00000002   PAD
    0x08004964   0x08004964   0x0000000c   Code   RO          238    .text.CAN1_RX1_IRQHandler  stm32f1xx_it.o
    0x08004970   0x08004970   0x0000000c   Code   RO          234    .text.DMA1_Channel5_IRQHandler  stm32f1xx_it.o
    0x0800497c   0x0800497c   0x0000000c   Code   RO          242    .text.DMA2_Channel2_IRQHandler  stm32f1xx_it.o
    0x08004988   0x08004988   0x00000002   Code   RO          228    .text.DebugMon_Handler  stm32f1xx_it.o
    0x0800498a   0x0800498a   0x00000002   PAD
    0x0800498c   0x0800498c   0x0000000a   Code   RO          191    .text.Error_Handler  main.o
    0x08004996   0x08004996   0x00000002   PAD
    0x08004998   0x08004998   0x00000002   Code   RO          377    .text.HAL_ADCEx_InjectedConvCpltCallback  stm32f1xx_hal_adc_ex.o
    0x0800499a   0x0800499a   0x00000002   PAD
    0x0800499c   0x0800499c   0x0000018c   Code   RO          341    .text.HAL_ADC_ConfigChannel  stm32f1xx_hal_adc.o
    0x08004b28   0x08004b28   0x0000001a   Code   RO          193    .text.HAL_ADC_ConvCpltCallback  main.o
    0x08004b42   0x08004b42   0x00000002   PAD
    0x08004b44   0x08004b44   0x00000006   Code   RO          329    .text.HAL_ADC_GetValue  stm32f1xx_hal_adc.o
    0x08004b4a   0x08004b4a   0x00000002   PAD
    0x08004b4c   0x08004b4c   0x000000ee   Code   RO          331    .text.HAL_ADC_IRQHandler  stm32f1xx_hal_adc.o
    0x08004c3a   0x08004c3a   0x00000002   PAD
    0x08004c3c   0x08004c3c   0x00000170   Code   RO          295    .text.HAL_ADC_Init  stm32f1xx_hal_adc.o
    0x08004dac   0x08004dac   0x00000002   Code   RO          335    .text.HAL_ADC_LevelOutOfWindowCallback  stm32f1xx_hal_adc.o
    0x08004dae   0x08004dae   0x00000002   PAD
    0x08004db0   0x08004db0   0x00000094   Code   RO          253    .text.HAL_ADC_MspInit  stm32f1xx_hal_msp.o
    0x08004e44   0x08004e44   0x0000002e   Code   RO          758    .text.HAL_CAN_ActivateNotification  stm32f1xx_hal_can.o
    0x08004e72   0x08004e72   0x00000002   PAD
    0x08004e74   0x08004e74   0x000000a8   Code   RO          744    .text.HAL_CAN_AddTxMessage  stm32f1xx_hal_can.o
    0x08004f1c   0x08004f1c   0x000000ea   Code   RO          734    .text.HAL_CAN_ConfigFilter  stm32f1xx_hal_can.o
    0x08005006   0x08005006   0x00000002   PAD
    0x08005008   0x08005008   0x00000002   Code   RO          788    .text.HAL_CAN_ErrorCallback  stm32f1xx_hal_can.o
    0x0800500a   0x0800500a   0x00000002   PAD
    0x0800500c   0x0800500c   0x00000134   Code   RO          754    .text.HAL_CAN_GetRxMessage  stm32f1xx_hal_can.o
    0x08005140   0x08005140   0x0000025e   Code   RO          762    .text.HAL_CAN_IRQHandler  stm32f1xx_hal_can.o
    0x0800539e   0x0800539e   0x00000002   PAD
    0x080053a0   0x080053a0   0x000000f4   Code   RO          724    .text.HAL_CAN_Init  stm32f1xx_hal_can.o
    0x08005494   0x08005494   0x0000008a   Code   RO          257    .text.HAL_CAN_MspInit  stm32f1xx_hal_msp.o
    0x0800551e   0x0800551e   0x00000002   PAD
    0x08005520   0x08005520   0x00000002   Code   RO          776    .text.HAL_CAN_RxFifo0FullCallback  stm32f1xx_hal_can.o
    0x08005522   0x08005522   0x00000002   PAD
    0x08005524   0x08005524   0x00000002   Code   RO          778    .text.HAL_CAN_RxFifo0MsgPendingCallback  stm32f1xx_hal_can.o
    0x08005526   0x08005526   0x00000002   PAD
    0x08005528   0x08005528   0x00000002   Code   RO          780    .text.HAL_CAN_RxFifo1FullCallback  stm32f1xx_hal_can.o
    0x0800552a   0x0800552a   0x00000002   PAD
    0x0800552c   0x0800552c   0x0000002c   Code   RO          168    .text.HAL_CAN_RxFifo1MsgPendingCallback  can.o
    0x08005558   0x08005558   0x00000002   Code   RO          784    .text.HAL_CAN_SleepCallback  stm32f1xx_hal_can.o
    0x0800555a   0x0800555a   0x00000002   PAD
    0x0800555c   0x0800555c   0x0000005a   Code   RO          736    .text.HAL_CAN_Start  stm32f1xx_hal_can.o
    0x080055b6   0x080055b6   0x00000002   PAD
    0x080055b8   0x080055b8   0x00000002   Code   RO          766    .text.HAL_CAN_TxMailbox0AbortCallback  stm32f1xx_hal_can.o
    0x080055ba   0x080055ba   0x00000002   PAD
    0x080055bc   0x080055bc   0x00000002   Code   RO          764    .text.HAL_CAN_TxMailbox0CompleteCallback  stm32f1xx_hal_can.o
    0x080055be   0x080055be   0x00000002   PAD
    0x080055c0   0x080055c0   0x00000002   Code   RO          770    .text.HAL_CAN_TxMailbox1AbortCallback  stm32f1xx_hal_can.o
    0x080055c2   0x080055c2   0x00000002   PAD
    0x080055c4   0x080055c4   0x00000002   Code   RO          768    .text.HAL_CAN_TxMailbox1CompleteCallback  stm32f1xx_hal_can.o
    0x080055c6   0x080055c6   0x00000002   PAD
    0x080055c8   0x080055c8   0x00000002   Code   RO          774    .text.HAL_CAN_TxMailbox2AbortCallback  stm32f1xx_hal_can.o
    0x080055ca   0x080055ca   0x00000002   PAD
    0x080055cc   0x080055cc   0x00000002   Code   RO          772    .text.HAL_CAN_TxMailbox2CompleteCallback  stm32f1xx_hal_can.o
    0x080055ce   0x080055ce   0x00000002   PAD
    0x080055d0   0x080055d0   0x00000002   Code   RO          786    .text.HAL_CAN_WakeUpFromRxMsgCallback  stm32f1xx_hal_can.o
    0x080055d2   0x080055d2   0x00000002   PAD
    0x080055d4   0x080055d4   0x00000046   Code   RO          535    .text.HAL_DMA_Abort  stm32f1xx_hal_dma.o
    0x0800561a   0x0800561a   0x00000002   PAD
    0x0800561c   0x0800561c   0x0000012e   Code   RO          537    .text.HAL_DMA_Abort_IT  stm32f1xx_hal_dma.o
    0x0800574a   0x0800574a   0x00000002   PAD
    0x0800574c   0x0800574c   0x0000029a   Code   RO          541    .text.HAL_DMA_IRQHandler  stm32f1xx_hal_dma.o
    0x080059e6   0x080059e6   0x00000002   PAD
    0x080059e8   0x080059e8   0x0000009e   Code   RO          527    .text.HAL_DMA_Init  stm32f1xx_hal_dma.o
    0x08005a86   0x08005a86   0x00000002   PAD
    0x08005a88   0x08005a88   0x000001fa   Code   RO          503    .text.HAL_GPIO_Init  stm32f1xx_hal_gpio.o
    0x08005c82   0x08005c82   0x00000002   PAD
    0x08005c84   0x08005c84   0x0000000a   Code   RO          507    .text.HAL_GPIO_ReadPin  stm32f1xx_hal_gpio.o
    0x08005c8e   0x08005c8e   0x00000002   PAD
    0x08005c90   0x08005c90   0x0000000a   Code   RO          509    .text.HAL_GPIO_WritePin  stm32f1xx_hal_gpio.o
    0x08005c9a   0x08005c9a   0x00000002   PAD
    0x08005c9c   0x08005c9c   0x0000000c   Code   RO          403    .text.HAL_GetTick   stm32f1xx_hal.o
    0x08005ca8   0x08005ca8   0x0000001a   Code   RO          401    .text.HAL_IncTick   stm32f1xx_hal.o
    0x08005cc2   0x08005cc2   0x00000002   PAD
    0x08005cc4   0x08005cc4   0x00000026   Code   RO          391    .text.HAL_Init      stm32f1xx_hal.o
    0x08005cea   0x08005cea   0x00000002   PAD
    0x08005cec   0x08005cec   0x00000048   Code   RO          393    .text.HAL_InitTick  stm32f1xx_hal.o
    0x08005d34   0x08005d34   0x00000042   Code   RO          251    .text.HAL_MspInit   stm32f1xx_hal_msp.o
    0x08005d76   0x08005d76   0x00000002   PAD
    0x08005d78   0x08005d78   0x00000026   Code   RO          563    .text.HAL_NVIC_EnableIRQ  stm32f1xx_hal_cortex.o
    0x08005d9e   0x08005d9e   0x00000002   PAD
    0x08005da0   0x08005da0   0x00000056   Code   RO          561    .text.HAL_NVIC_SetPriority  stm32f1xx_hal_cortex.o
    0x08005df6   0x08005df6   0x00000002   PAD
    0x08005df8   0x08005df8   0x00000020   Code   RO          559    .text.HAL_NVIC_SetPriorityGrouping  stm32f1xx_hal_cortex.o
    0x08005e18   0x08005e18   0x0000010a   Code   RO          489    .text.HAL_RCCEx_PeriphCLKConfig  stm32f1xx_hal_rcc_ex.o
    0x08005f22   0x08005f22   0x00000002   PAD
    0x08005f24   0x08005f24   0x000001be   Code   RO          455    .text.HAL_RCC_ClockConfig  stm32f1xx_hal_rcc.o
    0x080060e2   0x080060e2   0x00000002   PAD
    0x080060e4   0x080060e4   0x00000026   Code   RO          467    .text.HAL_RCC_GetPCLK1Freq  stm32f1xx_hal_rcc.o
    0x0800610a   0x0800610a   0x00000002   PAD
    0x0800610c   0x0800610c   0x00000026   Code   RO          469    .text.HAL_RCC_GetPCLK2Freq  stm32f1xx_hal_rcc.o
    0x08006132   0x08006132   0x00000002   PAD
    0x08006134   0x08006134   0x000003b4   Code   RO          453    .text.HAL_RCC_OscConfig  stm32f1xx_hal_rcc.o
    0x080064e8   0x080064e8   0x000000ac   Code   RO          804    .text.HAL_SPI_Init  stm32f1xx_hal_spi.o
    0x08006594   0x08006594   0x0000011e   Code   RO          261    .text.HAL_SPI_MspInit  stm32f1xx_hal_msp.o
    0x080066b2   0x080066b2   0x00000002   PAD
    0x080066b4   0x080066b4   0x0000002c   Code   RO          571    .text.HAL_SYSTICK_Config  stm32f1xx_hal_cortex.o
    0x080066e0   0x080066e0   0x00000092   Code   RO         1213    .text.HAL_TIMEx_MasterConfigSynchronization  stm32f1xx_hal_tim_ex.o
    0x08006772   0x08006772   0x00000002   PAD
    0x08006774   0x08006774   0x00000126   Code   RO          918    .text.HAL_TIM_Base_Init  stm32f1xx_hal_tim.o
    0x0800689a   0x0800689a   0x00000002   PAD
    0x0800689c   0x0800689c   0x00000086   Code   RO          265    .text.HAL_TIM_Base_MspInit  stm32f1xx_hal_msp.o
    0x08006922   0x08006922   0x00000002   PAD
    0x08006924   0x08006924   0x0000019c   Code   RO         1098    .text.HAL_TIM_ConfigClockSource  stm32f1xx_hal_tim.o
    0x08006ac0   0x08006ac0   0x00000002   Code   RO         1321    .text.HAL_UARTEx_RxEventCallback  stm32f1xx_hal_uart.o
    0x08006ac2   0x08006ac2   0x00000002   PAD
    0x08006ac4   0x08006ac4   0x00000002   Code   RO         1319    .text.HAL_UART_ErrorCallback  stm32f1xx_hal_uart.o
    0x08006ac6   0x08006ac6   0x00000002   PAD
    0x08006ac8   0x08006ac8   0x00000560   Code   RO         1313    .text.HAL_UART_IRQHandler  stm32f1xx_hal_uart.o
    0x08007028   0x08007028   0x000000e2   Code   RO         1237    .text.HAL_UART_Init  stm32f1xx_hal_uart.o
    0x0800710a   0x0800710a   0x00000002   PAD
    0x0800710c   0x0800710c   0x00000086   Code   RO          269    .text.HAL_UART_MspInit  stm32f1xx_hal_msp.o
    0x08007192   0x08007192   0x00000002   PAD
    0x08007194   0x08007194   0x00000052   Code   RO         1257    .text.HAL_UART_Receive_IT  stm32f1xx_hal_uart.o
    0x080071e6   0x080071e6   0x00000002   PAD
    0x080071e8   0x080071e8   0x00000004   Code   RO          185    .text.HAL_UART_RxCpltCallback  main.o
    0x080071ec   0x080071ec   0x00000278   Code   RO         1251    .text.HAL_UART_Transmit  stm32f1xx_hal_uart.o
    0x08007464   0x08007464   0x00000002   Code   RO         1323    .text.HAL_UART_TxCpltCallback  stm32f1xx_hal_uart.o
    0x08007466   0x08007466   0x00000002   PAD
    0x08007468   0x08007468   0x00000004   Code   RO          216    .text.HardFault_Handler  stm32f1xx_it.o
    0x0800746c   0x0800746c   0x00000002   Code   RO          220    .text.MemManage_Handler  stm32f1xx_it.o
    0x0800746e   0x0800746e   0x00000002   PAD
    0x08007470   0x08007470   0x00000002   Code   RO          214    .text.NMI_Handler   stm32f1xx_it.o
    0x08007472   0x08007472   0x00000002   PAD
    0x08007474   0x08007474   0x00000002   Code   RO          230    .text.PendSV_Handler  stm32f1xx_it.o
    0x08007476   0x08007476   0x00000002   PAD
    0x08007478   0x08007478   0x00000002   Code   RO          226    .text.SVC_Handler   stm32f1xx_it.o
    0x0800747a   0x0800747a   0x00000002   PAD
    0x0800747c   0x0800747c   0x00000004   Code   RO          232    .text.SysTick_Handler  stm32f1xx_it.o
    0x08007480   0x08007480   0x00000014   Code   RO         1357    .text.SystemInit    system_stm32f1xx.o
    0x08007494   0x08007494   0x0000000c   Code   RO         1317    .text.UART_DMAAbortOnError  stm32f1xx_hal_uart.o
    0x080074a0   0x080074a0   0x000000fe   Code   RO         1315    .text.UART_Receive_IT  stm32f1xx_hal_uart.o
    0x0800759e   0x0800759e   0x00000002   PAD
    0x080075a0   0x080075a0   0x0000000c   Code   RO          240    .text.USART2_IRQHandler  stm32f1xx_it.o
    0x080075ac   0x080075ac   0x00000050   Code   RO           46    .text.UartInit      uart.o
    0x080075fc   0x080075fc   0x000000d2   Code   RO           56    .text.UartRxCallback  uart.o
    0x080076ce   0x080076ce   0x00000002   PAD
    0x080076d0   0x080076d0   0x00000002   Code   RO          224    .text.UsageFault_Handler  stm32f1xx_it.o
    0x080076d2   0x080076d2   0x00000002   PAD
    0x080076d4   0x080076d4   0x0000002a   Code   RO          218    .text.__NVIC_SystemReset  stm32f1xx_it.o
    0x080076fe   0x080076fe   0x00000002   PAD
    0x08007700   0x08007700   0x0000006e   Code   RO          127    .text.brighnessChange  color.o
    0x0800776e   0x0800776e   0x00000002   PAD
    0x08007770   0x08007770   0x0000005c   Code   RO          170    .text.canInit       can.o
    0x080077cc   0x080077cc   0x00000044   Code   RO          146    .text.initAdc       joystick.o
    0x08007810   0x08007810   0x0000002a   Code   RO           68    .text.initApp       system.o
    0x0800783a   0x0800783a   0x00000002   PAD
    0x0800783c   0x0800783c   0x000000d2   Code   RO           32    .text.initKeyStatus  switches.o
    0x0800790e   0x0800790e   0x00000002   PAD
    0x08007910   0x08007910   0x00000040   Code   RO          105    .text.initLEDs      ws2812.o
    0x08007950   0x08007950   0x00000030   Code   RO          174    .text.kbTest        can.o
    0x08007980   0x08007980   0x000003c0   Code   RO           34    .text.keyCheck      switches.o
    0x08007d40   0x08007d40   0x000004c0   Code   RO          187    .text.main          main.o
    0x08008200   0x08008200   0x0000001e   Code   RO          154    .text.readAdcCallback  joystick.o
    0x0800821e   0x0800821e   0x00000002   PAD
    0x08008220   0x08008220   0x0000014a   Code   RO          129    .text.setAllLEDBrightness  color.o
    0x0800836a   0x0800836a   0x00000002   PAD
    0x0800836c   0x0800836c   0x000000e2   Code   RO          125    .text.setAllLEDColor  color.o
    0x0800844e   0x0800844e   0x00000002   PAD
    0x08008450   0x08008450   0x00000184   Code   RO         1503    x$fpl$fdiv          fz_ws.l(fdiv.o)
    0x080085d4   0x080085d4   0x00000036   Code   RO         1506    x$fpl$ffix          fz_ws.l(ffix.o)
    0x0800860a   0x0800860a   0x00000002   PAD
    0x0800860c   0x0800860c   0x00000026   Code   RO         1510    x$fpl$ffltu         fz_ws.l(fflt_clz.o)
    0x08008632   0x08008632   0x00000002   PAD
    0x08008634   0x08008634   0x00000102   Code   RO         1516    x$fpl$fmul          fz_ws.l(fmul.o)
    0x08008736   0x08008736   0x0000008c   Code   RO         1534    x$fpl$fnaninf       fz_ws.l(fnaninf.o)
    0x080087c2   0x080087c2   0x0000000a   Code   RO         1536    x$fpl$fretinf       fz_ws.l(fretinf.o)
    0x080087cc   0x080087cc   0x00000000   Code   RO         1538    x$fpl$usenofp       fz_ws.l(usenofp.o)
    0x080087cc   0x080087cc   0x00000010   Data   RO         1362    .rodata.AHBPrescTable  system_stm32f1xx.o
    0x080087dc   0x080087dc   0x00000008   Data   RO         1363    .rodata.APBPrescTable  system_stm32f1xx.o
    0x080087e4   0x080087e4   0x00000002   Data   RO          480    .rodata.HAL_RCC_GetSysClockFreq.aPredivFactorTable  stm32f1xx_hal_rcc.o
    0x080087e6   0x080087e6   0x00000010   Data   RO          479    .rodata.cst16       stm32f1xx_hal_rcc.o
    0x080087f6   0x080087f6   0x00000002   PAD
    0x080087f8   0x080087f8   0x00000020   Data   RO         1704    Region$$Table       anon$$obj.o


    Execution Region RW_IRAM1 (Exec base: 0x20000000, Load base: 0x08008818, Size: 0x00000b98, Max: 0x0000c000, ABSOLUTE)

    Exec Addr    Load Addr    Size         Type   Attr      Idx    E Section Name        Object

    0x20000000   0x08008818   0x00000008   Data   RW          442    .data..L_MergedGlobals  stm32f1xx_hal.o
    0x20000008   0x08008820   0x00000002   Data   RW          195    .data.APP_Version   main.o
    0x2000000a   0x08008822   0x00000002   PAD
    0x2000000c   0x08008824   0x00000004   Data   RW         1361    .data.SystemCoreClock  system_stm32f1xx.o
    0x20000010   0x08008828   0x00000001   Data   RW          158    .data.flgAdcCompleted  joystick.o
    0x20000011   0x08008829   0x00000007   PAD
    0x20000018        -       0x00000060   Zero   RW         1569    .bss                c_w.l(libspace.o)
    0x20000078        -       0x00000004   Zero   RW           37    .bss..L_MergedGlobals  switches.o
    0x2000007c        -       0x0000004f   Zero   RW           59    .bss..L_MergedGlobals  uart.o
    0x200000cb        -       0x0000003c   Zero   RW           88    .bss..L_MergedGlobals  system.o
    0x20000107   0x08008829   0x00000001   PAD
    0x20000108        -       0x0000004c   Zero   RW          159    .bss..L_MergedGlobals  joystick.o
    0x20000154        -       0x0000004c   Zero   RW          176    .bss..L_MergedGlobals  can.o
    0x200001a0        -       0x00000058   Zero   RW          205    .bss..L_MergedGlobals  main.o
    0x200001f8        -       0x0000000c   Zero   RW          110    .bss..L_MergedGlobals.4  ws2812.o
    0x20000204        -       0x00000044   Zero   RW          198    .bss.hdma_spi2_tx   main.o
    0x20000248        -       0x00000044   Zero   RW          199    .bss.hdma_spi3_tx   main.o
    0x2000028c        -       0x00000058   Zero   RW          196    .bss.hspi2          main.o
    0x200002e4        -       0x00000058   Zero   RW          197    .bss.hspi3          main.o
    0x2000033c        -       0x00000048   Zero   RW          200    .bss.htim1          main.o
    0x20000384        -       0x00000048   Zero   RW          201    .bss.htim2          main.o
    0x200003cc        -       0x00000048   Zero   RW          202    .bss.htim3          main.o
    0x20000414        -       0x00000048   Zero   RW          203    .bss.huart2         main.o
    0x2000045c        -       0x00000092   Zero   RW           36    .bss.keyStatus      switches.o
    0x200004ee   0x08008829   0x00000002   PAD
    0x200004f0        -       0x00000060   Zero   RW          137    .bss.pixels         color.o
    0x20000550        -       0x00000040   Zero   RW           58    .bss.tx_buffer      uart.o
    0x20000590        -       0x00000004   Zero   RW          441    .bss.uwTick         stm32f1xx_hal.o
    0x20000594   0x08008829   0x00000004   PAD
    0x20000598        -       0x00000200   Zero   RW            2    HEAP                startup_stm32f103xe.o
    0x20000798        -       0x00000400   Zero   RW            1    STACK               startup_stm32f103xe.o


==============================================================================

Image component sizes


      Code (inc. data)   RO Data    RW Data    ZI Data      Debug   Object Name

       184          0          0          0         76       5273   can.o
       666          0          0          0         96       5757   color.o
        98          0          0          1         76       3442   joystick.o
      1256         36          0          2        688      14567   main.o
        64         26        304          0       1536        800   startup_stm32f103xe.o
       148          0          0          8          4       6078   stm32f1xx_hal.o
      1010          0          0          0          0      13224   stm32f1xx_hal_adc.o
         2          0          0          0          0       9514   stm32f1xx_hal_adc_ex.o
      1720          6          0          0          0      13751   stm32f1xx_hal_can.o
       200          0          0          0          0       8836   stm32f1xx_hal_cortex.o
      1196          0          0          0          0       8563   stm32f1xx_hal_dma.o
       526         20          0          0          0       4546   stm32f1xx_hal_gpio.o
       906          0          0          0          0      13092   stm32f1xx_hal_msp.o
      1470          0         18          0          0       7678   stm32f1xx_hal_rcc.o
       266          0          0          0          0       3800   stm32f1xx_hal_rcc_ex.o
       172          0          0          0          0      24571   stm32f1xx_hal_spi.o
       706          0          0          0          0      55883   stm32f1xx_hal_tim.o
       146          0          0          0          0      20895   stm32f1xx_hal_tim_ex.o
      2588          0          0          0          0      32337   stm32f1xx_hal_uart.o
       124          0          0          0          0       7435   stm32f1xx_it.o
      1170          0          0          0        150       3979   switches.o
        42          0          0          0         60       5931   system.o
        20          0         24          4          0       2154   system_stm32f1xx.o
       290          0          0          0        143       6814   uart.o
        64          0          0          0         12       5064   ws2812.o

    ----------------------------------------------------------------------
     15164         88        380         20       2852     283984   Object Totals
         0          0         32          0          0          0   (incl. Generated)
       130          0          2          5         11          0   (incl. Padding)

    ----------------------------------------------------------------------

      Code (inc. data)   RO Data    RW Data    ZI Data      Debug   Library Member Name

         8          0          0          0          0         68   __main.o
       104          0          0          0          0         84   __printf.o
         0          0          0          0          0          0   __rtentry.o
        12          0          0          0          0          0   __rtentry2.o
         6          0          0          0          0          0   __rtentry4.o
        52          8          0          0          0          0   __scatter.o
        26          0          0          0          0          0   __scatter_copy.o
        28          0          0          0          0          0   __scatter_zi.o
        48          6          0          0          0         96   _printf_char_common.o
         6          0          0          0          0          0   _printf_d.o
       120         16          0          0          0         92   _printf_dec.o
       178          0          0          0          0         88   _printf_intcommon.o
         0          0          0          0          0          0   _printf_percent.o
         4          0          0          0          0          0   _printf_percent_end.o
        10          0          0          0          0         68   _sputc.o
        18          0          0          0          0         80   exit.o
         6          0          0          0          0        152   heapauxi.o
         0          0          0          0          0          0   indicate_semi.o
         2          0          0          0          0          0   libinit.o
         2          0          0          0          0          0   libinit2.o
         2          0          0          0          0          0   libshutdown.o
         2          0          0          0          0          0   libshutdown2.o
         8          4          0          0         96         68   libspace.o
        40          6          0          0          0         84   noretval__2sprintf.o
        68          0          0          0          0         68   rt_memclr.o
        78          0          0          0          0         80   rt_memclr_w.o
         2          0          0          0          0          0   rtexit.o
        10          0          0          0          0          0   rtexit2.o
        62          0          0          0          0         76   strlen.o
        12          4          0          0          0         68   sys_exit.o
        74          0          0          0          0         80   sys_stackheap_outer.o
         2          0          0          0          0         68   use_no_semi.o
       388         76          0          0          0         96   fdiv.o
        54          4          0          0          0         84   ffix.o
        38          0          0          0          0         68   fflt_clz.o
       258          4          0          0          0         84   fmul.o
       140          4          0          0          0         84   fnaninf.o
        10          0          0          0          0         68   fretinf.o
         0          0          0          0          0          0   usenofp.o

    ----------------------------------------------------------------------
      1888        132          0          0         96       1804   Library Totals
        10          0          0          0          0          0   (incl. Padding)

    ----------------------------------------------------------------------

      Code (inc. data)   RO Data    RW Data    ZI Data      Debug   Library Name

       990         44          0          0         96       1320   c_w.l
       888         88          0          0          0        484   fz_ws.l

    ----------------------------------------------------------------------
      1888        132          0          0         96       1804   Library Totals

    ----------------------------------------------------------------------

==============================================================================


      Code (inc. data)   RO Data    RW Data    ZI Data      Debug   

     17052        220        380         20       2948     284440   Grand Totals
     17052        220        380         20       2948     284440   ELF Image Totals
     17052        220        380         20          0          0   ROM Totals

==============================================================================

    Total RO  Size (Code + RO Data)                17432 (  17.02kB)
    Total RW  Size (RW Data + ZI Data)              2968 (   2.90kB)
    Total ROM Size (Code + RO Data + RW Data)      17452 (  17.04kB)

==============================================================================

